Component: ARM Compiler 5.05 update 1 (build 106) Tool: armlink [4d0efa]

==============================================================================

Section Cross References

    startup.o(STACK) refers (Special) to heapauxi.o(.text) for __use_two_region_memory
    startup.o(HEAP) refers (Special) to heapauxi.o(.text) for __use_two_region_memory
    startup.o(RESET) refers (Special) to heapauxi.o(.text) for __use_two_region_memory
    startup.o(RESET) refers to startup.o(STACK) for Stack_Top
    startup.o(RESET) refers to __main.o(!!!main) for __main
    startup.o(.text) refers (Special) to heapauxi.o(.text) for __use_two_region_memory
    startup.o(.text) refers to startup.o(HEAP) for Heap_Mem
    startup.o(.text) refers to startup.o(STACK) for Stack_Mem
    task1.o(i.Timing_Synchronization) refers to _printf_percent.o(.ARM.Collect$$_printf_percent$$00000000) for _printf_percent
    task1.o(i.Timing_Synchronization) refers to _printf_f.o(.ARM.Collect$$_printf_percent$$00000003) for _printf_f
    task1.o(i.Timing_Synchronization) refers to printf1.o(x$fpl$printf1) for _printf_fp_dec
    task1.o(i.Timing_Synchronization) refers to fflt_noclz.o(x$fpl$fflt) for __aeabi_i2f
    task1.o(i.Timing_Synchronization) refers to f2d.o(x$fpl$f2d) for __aeabi_f2d
    task1.o(i.Timing_Synchronization) refers to noretval__2printf.o(.text) for __2printf
    task1.o(i.Timing_Synchronization) refers to fmul.o(x$fpl$fmul) for __aeabi_fmul
    task1.o(i.Timing_Synchronization) refers to faddsub_noclz.o(x$fpl$fsub) for __aeabi_fsub
    task1.o(i.Timing_Synchronization) refers to faddsub_noclz.o(x$fpl$fadd) for __aeabi_fadd
    task1.o(i.main) refers to _printf_percent.o(.ARM.Collect$$_printf_percent$$00000000) for _printf_percent
    task1.o(i.main) refers to _printf_f.o(.ARM.Collect$$_printf_percent$$00000003) for _printf_f
    task1.o(i.main) refers to printf1.o(x$fpl$printf1) for _printf_fp_dec
    task1.o(i.main) refers to f2d.o(x$fpl$f2d) for __aeabi_f2d
    task1.o(i.main) refers to noretval__2printf.o(.text) for __2printf
    task1.o(i.main) refers to task1.o(i.Timing_Synchronization) for Timing_Synchronization
    task1.o(i.main) refers to task1.o(.data) for coef
    __2printf.o(.text) refers to _printf_char_file.o(.text) for _printf_char_file
    __2printf.o(.text) refers to stdio_streams.o(.bss) for __stdout
    noretval__2printf.o(.text) refers to _printf_char_file.o(.text) for _printf_char_file
    noretval__2printf.o(.text) refers to stdio_streams.o(.bss) for __stdout
    __printf.o(.text) refers to __printf.o(i.__ARM_common_call_via_r1) for __ARM_common_call_via_r1
    __printf.o(.text) refers to _printf_percent.o(.ARM.Collect$$_printf_percent$$00000000) for _printf_percent
    __printf.o(.text) refers to __printf.o(i.__ARM_common_call_via_r2) for __ARM_common_call_via_r2
    __printf_flags.o(.text) refers to __printf.o(i.__ARM_common_call_via_r1) for __ARM_common_call_via_r1
    __printf_flags.o(.text) refers to _printf_percent.o(.ARM.Collect$$_printf_percent$$00000000) for _printf_percent
    __printf_flags.o(.text) refers to __printf.o(i.__ARM_common_call_via_r2) for __ARM_common_call_via_r2
    __printf_flags.o(.text) refers to __printf_flags.o(.constdata) for .constdata
    __printf_ss.o(.text) refers to __printf.o(i.__ARM_common_call_via_r1) for __ARM_common_call_via_r1
    __printf_ss.o(.text) refers to _printf_percent.o(.ARM.Collect$$_printf_percent$$00000000) for _printf_percent
    __printf_ss.o(.text) refers to __printf.o(i.__ARM_common_call_via_r2) for __ARM_common_call_via_r2
    __printf_flags_ss.o(.text) refers to __printf.o(i.__ARM_common_call_via_r1) for __ARM_common_call_via_r1
    __printf_flags_ss.o(.text) refers to _printf_percent.o(.ARM.Collect$$_printf_percent$$00000000) for _printf_percent
    __printf_flags_ss.o(.text) refers to __printf.o(i.__ARM_common_call_via_r2) for __ARM_common_call_via_r2
    __printf_flags_ss.o(.text) refers to __printf_flags_ss.o(.constdata) for .constdata
    __printf_wp.o(.text) refers to __printf.o(i.__ARM_common_call_via_r1) for __ARM_common_call_via_r1
    __printf_wp.o(.text) refers to __printf_wp.o(i._is_digit) for _is_digit
    __printf_wp.o(.text) refers to _printf_percent.o(.ARM.Collect$$_printf_percent$$00000000) for _printf_percent
    __printf_wp.o(.text) refers to __printf.o(i.__ARM_common_call_via_r2) for __ARM_common_call_via_r2
    __printf_flags_wp.o(.text) refers to __printf.o(i.__ARM_common_call_via_r1) for __ARM_common_call_via_r1
    __printf_flags_wp.o(.text) refers to __printf_wp.o(i._is_digit) for _is_digit
    __printf_flags_wp.o(.text) refers to _printf_percent.o(.ARM.Collect$$_printf_percent$$00000000) for _printf_percent
    __printf_flags_wp.o(.text) refers to __printf.o(i.__ARM_common_call_via_r2) for __ARM_common_call_via_r2
    __printf_flags_wp.o(.text) refers to __printf_flags_wp.o(.constdata) for .constdata
    __printf_ss_wp.o(.text) refers to __printf.o(i.__ARM_common_call_via_r1) for __ARM_common_call_via_r1
[...]
    rt_raise.o(.text) refers to sys_exit.o(.text) for _sys_exit
    rt_heap_descriptor.o(.text) refers to rt_heap_descriptor.o(.bss) for __rt_heap_descriptor_data
    rt_heap_descriptor_intlibspace.o(.text) refers to libspace.o(.bss) for __libspace_start
    init_alloc.o(.text) refers (Special) to hguard.o(.text) for __heap$guard
    init_alloc.o(.text) refers (Special) to libinit2.o(.ARM.Collect$$libinit$$00000005) for __rt_lib_init_heap_2
    init_alloc.o(.text) refers (Special) to maybetermalloc1.o(.emb_text) for _maybe_terminate_alloc
    init_alloc.o(.text) refers to h1_extend.o(.text) for __Heap_ProvideMemory
    init_alloc.o(.text) refers to defsig_rtmem_outer.o(.text) for __rt_SIGRTMEM
    init_alloc.o(.text) refers to rt_heap_descriptor_intlibspace.o(.text) for __rt_heap_descriptor
    init_alloc.o(.text) refers to h1_init.o(.text) for __Heap_Initialize
    malloc.o(.text) refers (Special) to hguard.o(.text) for __heap$guard
    malloc.o(.text) refers (Special) to init_alloc.o(.text) for _init_alloc
    malloc.o(.text) refers to rt_heap_descriptor_intlibspace.o(.text) for __rt_heap_descriptor
    h1_alloc.o(.text) refers (Special) to h1_init.o(.text) for __Heap_Initialize
    h1_alloc.o(.text) refers to rt_heap_descriptor_intlibspace.o(.text) for __rt_heap_descriptor
    h1_alloc.o(.text) refers to init_alloc.o(.text) for __Heap_Full
    h1_alloc_mt.o(.text) refers (Special) to h1_init.o(.text) for __Heap_Initialize
    h1_alloc_mt.o(.text) refers to init_alloc.o(.text) for __Heap_Full
    h1_alloc_mt.o(.text) refers to rt_heap_descriptor_intlibspace.o(.text) for __rt_heap_descriptor
    _printf_char_file_locked.o(.text) refers to _printf_char_common.o(.text) for _printf_char_common
    _printf_char_file_locked.o(.text) refers to fputc.o(i._fputc$unlocked) for _fputc$unlocked
    fseek.o(.text) refers to sys_io.o(.text) for _sys_istty
    fseek.o(.text) refers to ftell.o(.text) for _ftell_internal
    fseek.o(.text) refers to stdio.o(.text) for _seterr
    stdio.o(.text) refers to sys_io.o(.text) for _sys_seek
    fwritefast.o(.text) refers to stdio.o(.text) for _writebuf
    fwritefast.o(.text) refers to flsbuf.o(.text) for __flsbuf_byte
    fwritefast.o(.text) refers to rt_memcpy.o(.text) for __aeabi_memcpy
    fwritefast_locked.o(.text) refers to stdio.o(.text) for _writebuf
    fwritefast_locked.o(.text) refers to flsbuf.o(.text) for __flsbuf_byte
    fwritefast_locked.o(.text) refers to rt_memcpy.o(.text) for __aeabi_memcpy
    defsig_exit.o(.text) refers to sys_exit.o(.text) for _sys_exit
    defsig_rtred_inner.o(.text) refers to defsig_general.o(.text) for __default_signal_display
    assert_stdio.o(.text) refers to fputs.o(.text) for fputs
    assert_stdio.o(.text) refers to fflush.o(.text) for fflush
    assert_stdio.o(.text) refers to stdio_streams.o(.bss) for __stderr
    argv_veneer.o(.emb_text) refers to no_argv.o(.text) for __ARM_get_argv
    sys_exit.o(.text) refers (Special) to use_no_semi.o(.text) for __I$use$semihosting
    sys_exit.o(.text) refers (Special) to indicate_semi.o(.text) for __semihosting_library_function
    rtexit2.o(.ARM.Collect$$rtexit$$00000003) refers to libshutdown.o(.ARM.Collect$$libshutdown$$00000000) for __rt_lib_shutdown
    rtexit2.o(.ARM.Collect$$rtexit$$00000004) refers to sys_exit.o(.text) for _sys_exit
    rtexit2.o(.ARM.exidx) refers to rtexit2.o(.ARM.Collect$$rtexit$$00000001) for .ARM.Collect$$rtexit$$00000001
    rtexit2.o(.ARM.exidx) refers to rtexit2.o(.ARM.Collect$$rtexit$$00000003) for .ARM.Collect$$rtexit$$00000003
    rtexit2.o(.ARM.exidx) refers to rtexit2.o(.ARM.Collect$$rtexit$$00000004) for .ARM.Collect$$rtexit$$00000004
    rt_div0.o(.text) refers to defsig_fpe_outer.o(.text) for __rt_SIGFPE
    maybetermalloc2.o(.emb_text) refers (Special) to term_alloc.o(.text) for _terminate_alloc
    h1_extend.o(.text) refers to h1_free.o(.text) for free
    h1_init_mt.o(.text) refers to mutex_dummy.o(.text) for _mutex_initialize
    h1_extend_mt.o(.text) refers to h1_free_mt.o(.text) for _free_internal
    fflush.o(.text) refers to stdio.o(.text) for _fflush
    fflush.o(.text) refers to fseek.o(.text) for _fseek
    fflush.o(.text) refers to stdio_streams.o(.bss) for __stdin
    fputs.o(.text) refers to fputc.o(i.fputc) for fputc
    ftell.o(.text) refers to rt_errno_addr_intlibspace.o(.text) for __aeabi_errno_addr
    fflush_locked.o(.text) refers to stdio.o(.text) for _fflush
    fflush_locked.o(.text) refers to fseek.o(.text) for _fseek
    fflush_locked.o(.text) refers to fflush.o(.text) for _do_fflush
    fflush_locked.o(.text) refers to streamlock.o(.data) for _stream_list_lock
    fflush_locked.o(.text) refers to stdio_streams.o(.bss) for __stdin
    __raise.o(.text) refers to __printf.o(i.__ARM_common_call_via_r2) for __ARM_common_call_via_r2
    __raise.o(.text) refers to defsig.o(CL$$defsig) for __default_signal_handler
    defsig_general.o(.text) refers to sys_wrch.o(.text) for _ttywrch
    defsig_rtmem_outer.o(.text) refers to defsig_rtmem_inner.o(.text) for __rt_SIGRTMEM_inner
    defsig_rtmem_outer.o(.text) refers to defsig_exit.o(.text) for __sig_exit
    defsig_rtmem_formal.o(.text) refers to rt_raise.o(.text) for __rt_raise
    rt_memcpy.o(.text) refers to rt_memcpy_w.o(.text) for __aeabi_memcpy4
    heapauxa.o(.text) refers to heapauxa.o(.data) for .data
    _get_argv.o(.text) refers (Special) to hrguard.o(.text) for __heap_region$guard
    _get_argv.o(.text) refers to h1_alloc.o(.text) for malloc
    _get_argv.o(.text) refers to defsig_rtmem_outer.o(.text) for __rt_SIGRTMEM
    _get_argv.o(.text) refers to sys_command.o(.text) for _sys_command_string
    _get_argv_nomalloc.o(.text) refers (Special) to hrguard.o(.text) for __heap_region$guard
    _get_argv_nomalloc.o(.text) refers to defsig_rtmem_outer.o(.text) for __rt_SIGRTMEM
    _get_argv_nomalloc.o(.text) refers to sys_command.o(.text) for _sys_command_string
    sys_wrch.o(.text) refers (Special) to use_no_semi.o(.text) for __I$use$semihosting
    sys_wrch.o(.text) refers (Special) to indicate_semi.o(.text) for __semihosting_library_function
    sys_command.o(.text) refers (Special) to use_no_semi.o(.text) for __I$use$semihosting
    sys_command.o(.text) refers (Special) to indicate_semi.o(.text) for __semihosting_library_function
    rt_errno_addr.o(.text) refers to rt_errno_addr.o(.bss) for __aeabi_errno_addr_data
    rt_errno_addr_intlibspace.o(.text) refers to libspace.o(.bss) for __libspace_start
    term_alloc.o(.text) refers (Special) to libshutdown2.o(.ARM.Collect$$libshutdown$$0000000D) for __rt_lib_shutdown_heap_2
    term_alloc.o(.text) refers to rt_heap_descriptor_intlibspace.o(.text) for __rt_heap_descriptor
    defsig_fpe_outer.o(.text) refers to defsig_fpe_inner.o(.text) for __rt_SIGFPE_inner
    defsig_fpe_outer.o(.text) refers to defsig_exit.o(.text) for __sig_exit
    defsig_fpe_formal.o(.text) refers to rt_raise.o(.text) for __rt_raise
    defsig_rtmem_inner.o(.text) refers to defsig_general.o(.text) for __default_signal_display
    defsig.o(CL$$defsig) refers to defsig_fpe_inner.o(.text) for __rt_SIGFPE_inner
    defsig.o(CL$$defsig) refers to defsig_rtred_inner.o(.text) for __rt_SIGRTRED_inner
    defsig.o(CL$$defsig) refers to defsig_rtmem_inner.o(.text) for __rt_SIGRTMEM_inner
    libshutdown.o(.ARM.Collect$$libshutdown$$00000000) refers (Special) to libshutdown2.o(.ARM.Collect$$libshutdown$$00000006) for __rt_lib_shutdown_fp_trap_1
    libshutdown.o(.ARM.Collect$$libshutdown$$00000000) refers (Special) to libshutdown2.o(.ARM.Collect$$libshutdown$$0000000E) for __rt_lib_shutdown_heap_1
    libshutdown.o(.ARM.Collect$$libshutdown$$00000000) refers (Special) to libshutdown2.o(.ARM.Collect$$libshutdown$$0000000F) for __rt_lib_shutdown_return
    libshutdown.o(.ARM.Collect$$libshutdown$$00000000) refers (Special) to libshutdown2.o(.ARM.Collect$$libshutdown$$00000009) for __rt_lib_shutdown_signal_1
    libshutdown.o(.ARM.Collect$$libshutdown$$00000000) refers (Special) to libshutdown2.o(.ARM.Collect$$libshutdown$$00000003) for __rt_lib_shutdown_stdio_1
    libshutdown.o(.ARM.Collect$$libshutdown$$00000000) refers (Special) to libshutdown2.o(.ARM.Collect$$libshutdown$$0000000B) for __rt_lib_shutdown_user_alloc_1
    defsig_abrt_inner.o(.text) refers to defsig_general.o(.text) for __default_signal_display
    defsig_fpe_inner.o(.text) refers to defsig_general.o(.text) for __default_signal_display
    defsig_stak_inner.o(.text) refers to defsig_general.o(.text) for __default_signal_display
    defsig_pvfn_inner.o(.text) refers to defsig_general.o(.text) for __default_signal_display
    defsig_cppl_inner.o(.text) refers to defsig_general.o(.text) for __default_signal_display
    defsig_segv_inner.o(.text) refers to defsig_general.o(.text) for __default_signal_display
    defsig_other.o(.text) refers to defsig_general.o(.text) for __default_signal_display


==============================================================================

Removing Unused input sections from the image.

    Removing startup.o(RESET), (272 bytes).

1 unused section(s) (total 272 bytes) removed from the image.

==============================================================================

Adding Veneers to the image

    Adding TA veneer (4 bytes, Inline) for call to '_printf_percent' from __printf.o(.text).
    Adding AT veneer (8 bytes, Inline) for call to '__rt_lib_init' from __rtentry2.o(.ARM.Collect$$rtentry$$0000000A).
    Adding AT veneer (8 bytes, Inline) for call to '__rt_lib_shutdown' from rtexit2.o(.ARM.Collect$$rtexit$$00000003).
    Adding TA veneer (4 bytes, Inline) for call to '__rt_exit' from exit.o(.text).
    Adding AT veneer (8 bytes, Inline) for call to '__2printf' from task1.o(i.Timing_Synchronization).
    Adding TA veneer (4 bytes, Inline) for call to '__rt_locale' from libinit2.o(.ARM.Collect$$libinit$$0000000F).
    Adding TA veneer (4 bytes, Inline) for call to '_ll_udiv10' from _printf_fp_dec.o(.text).
    Adding TA veneer (4 bytes, Inline) for call to '__rt_udiv10' from _printf_fp_dec.o(.text).
    Adding TA veneer (4 bytes, Inline) for call to '__aeabi_memclr4' from initio.o(.text).
    Adding TA veneer (4 bytes, Inline) for call to '__aeabi_idivmod' from bigflt0.o(.text).
    Adding TA veneer (4 bytes, Inline) for call to '__rt_heap_descriptor' from h1_free.o(.text).
    Adding AT veneer (8 bytes, Inline) for call to '_sys_exit' from rtexit2.o(.ARM.Collect$$rtexit$$00000004).
    Adding TA veneer (4 bytes, Inline) for call to '__aeabi_errno_addr' from ftell.o(.text).
    Adding TA veneer (4 bytes, Inline) for call to '_btod_d2e' from _printf_fp_dec.o(.text).
    Adding TA veneer (4 bytes, Inline) for call to '_btod_ediv' from _printf_fp_dec.o(.text).
    Adding TA veneer (4 bytes, Inline) for call to '_btod_emul' from _printf_fp_dec.o(.text).
    Adding AT veneer (12 bytes, Long) for call to '_printf_fp_dec_real' from printf1.o(x$fpl$printf1).
    Adding TA veneer (4 bytes, Inline) for call to '__ARM_fpclassify' from _printf_fp_dec.o(.text).
    Adding TA veneer (4 bytes, Inline) for call to '_get_lc_numeric' from libinit2.o(.ARM.Collect$$libinit$$00000016).
    Adding TA veneer (4 bytes, Inline) for call to '__ieee_status' from _printf_fp_dec.o(.text).

20 Veneer(s) (total 104 bytes) added to the image.

==============================================================================

Image Symbol Table

    Local Symbols

    Symbol Name                              Value     Ov Type        Size  Object(Section)

    !!!main                                  0x00000000   Section        8  __main.o(!!!main)
    ../clib/angel/boardlib.s                 0x00000000   Number         0  boardinit1.o ABSOLUTE
    ../clib/angel/boardlib.s                 0x00000000   Number         0  boardinit2.o ABSOLUTE
    ../clib/angel/boardlib.s                 0x00000000   Number         0  boardinit3.o ABSOLUTE
    ../clib/angel/boardlib.s                 0x00000000   Number         0  boardshut.o ABSOLUTE
    ../clib/angel/dczerorl2.s                0x00000000   Number         0  __dczerorl2.o ABSOLUTE
    ../clib/angel/handlers.s                 0x00000000   Number         0  __scatter_zi.o ABSOLUTE
    ../clib/angel/kernel.s                   0x00000000   Number         0  __rtentry4.o ABSOLUTE
    ../clib/angel/kernel.s                   0x00000000   Number         0  rtexit2.o ABSOLUTE
    ../clib/angel/kernel.s                   0x00000000   Number         0  __rtentry.o ABSOLUTE
    ../clib/angel/kernel.s                   0x00000000   Number         0  __rtentry2.o ABSOLUTE
    ../clib/angel/kernel.s                   0x00000000   Number         0  rtexit.o ABSOLUTE
    ../clib/angel/rt.s                       0x00000000   Number         0  rt_locale.o ABSOLUTE
    ../clib/angel/rt.s                       0x00000000   Number         0  rt_locale_intlibspace.o ABSOLUTE
    ../clib/angel/rt.s                       0x00000000   Number         0  rt_div0.o ABSOLUTE
    ../clib/angel/rt.s                       0x00000000   Number         0  aeabi_idiv0.o ABSOLUTE
    ../clib/angel/rt.s                       0x00000000   Number         0  rt_errno_addr.o ABSOLUTE
    ../clib/angel/rt.s                       0x00000000   Number         0  rt_raise.o ABSOLUTE
    ../clib/angel/rt.s                       0x00000000   Number         0  rt_errno_addr_intlibspace.o ABSOLUTE
    ../clib/angel/rt.s                       0x00000000   Number         0  rt_heap_descriptor.o ABSOLUTE
    ../clib/angel/rt.s                       0x00000000   Number         0  rt_heap_descriptor_intlibspace.o ABSOLUTE
    ../clib/angel/rt.s                       0x00000000   Number         0  aeabi_idiv0_sigfpe.o ABSOLUTE
    ../clib/angel/scatter.s                  0x00000000   Number         0  __scatter.o ABSOLUTE
    ../clib/angel/startup.s                  0x00000000   Number         0  __main.o ABSOLUTE
    ../clib/angel/sys.s                      0x00000000   Number         0  sys_stackheap_outer.o ABSOLUTE
    ../clib/angel/sys.s                      0x00000000   Number         0  libspace.o ABSOLUTE
    ../clib/angel/sys.s                      0x00000000   Number         0  use_no_semi.o ABSOLUTE
    ../clib/angel/sys.s                      0x00000000   Number         0  indicate_semi.o ABSOLUTE
    ../clib/angel/sys.s                      0x00000000   Number         0  mutex_dummy.o ABSOLUTE
    ../clib/angel/sysapp.c                   0x00000000   Number         0  sys_exit.o ABSOLUTE
    ../clib/angel/sysapp.c                   0x00000000   Number         0  sys_command.o ABSOLUTE
    ../clib/angel/sysapp.c                   0x00000000   Number         0  sys_io.o ABSOLUTE
    ../clib/angel/sysapp.c                   0x00000000   Number         0  sys_wrch.o ABSOLUTE
    ../clib/armsys.c                         0x00000000   Number         0  argv_veneer.o ABSOLUTE
    ../clib/armsys.c                         0x00000000   Number         0  argv_veneer.o ABSOLUTE
    ../clib/armsys.c                         0x00000000   Number         0  no_argv.o ABSOLUTE
    ../clib/armsys.c                         0x00000000   Number         0  _get_argv_nomalloc.o ABSOLUTE
    ../clib/armsys.c                         0x00000000   Number         0  _get_argv.o ABSOLUTE
    ../clib/assert.c                         0x00000000   Number         0  assert_stdio.o ABSOLUTE
    ../clib/bigflt.c                         0x00000000   Number         0  bigflt0.o ABSOLUTE
    ../clib/btod.s                           0x00000000   Number         0  btod.o ABSOLUTE
    ../clib/division.s                       0x00000000   Number         0  rtudiv10.o ABSOLUTE
    ../clib/division.s                       0x00000000   Number         0  aeabi_sdiv_div0.o ABSOLUTE
    ../clib/division.s                       0x00000000   Number         0  aeabi_sdiv.o ABSOLUTE
    ../clib/divrt.s                          0x00000000   Number         0  divrt_7tdmi.o ABSOLUTE
    ../clib/divrt.s                          0x00000000   Number         0  divrt_7tdmi_div0.o ABSOLUTE
    ../clib/heap1.c                          0x00000000   Number         0  h1_init_mt.o ABSOLUTE
    ../clib/heap1.c                          0x00000000   Number         0  h1_alloc.o ABSOLUTE
    ../clib/heap1.c                          0x00000000   Number         0  h1_init.o ABSOLUTE
    ../clib/heap1.c                          0x00000000   Number         0  h1_free_mt.o ABSOLUTE
    ../clib/heap1.c                          0x00000000   Number         0  h1_free.o ABSOLUTE
    ../clib/heap1.c                          0x00000000   Number         0  h1_alloc_mt.o ABSOLUTE
    ../clib/heap1.c                          0x00000000   Number         0  h1_extend.o ABSOLUTE
    ../clib/heap1.c                          0x00000000   Number         0  h1_final.o ABSOLUTE
    ../clib/heap1.c                          0x00000000   Number         0  h1_extend_mt.o ABSOLUTE
    ../clib/heap1.c                          0x00000000   Number         0  h1_final_mt.o ABSOLUTE
    ../clib/heap2.c                          0x00000000   Number         0  heap2mt.o ABSOLUTE
    ../clib/heap2.c                          0x00000000   Number         0  fdtree.o ABSOLUTE
    ../clib/heap2.c                          0x00000000   Number         0  heap2.o ABSOLUTE
    ../clib/heapalloc.c                      0x00000000   Number         0  malloc.o ABSOLUTE
    ../clib/heapalloc.c                      0x00000000   Number         0  hrguard.o ABSOLUTE
    ../clib/heapalloc.c                      0x00000000   Number         0  maybetermalloc2.o ABSOLUTE
    ../clib/heapalloc.c                      0x00000000   Number         0  maybetermalloc1.o ABSOLUTE
    ../clib/heapalloc.c                      0x00000000   Number         0  free.o ABSOLUTE
    ../clib/heapalloc.c                      0x00000000   Number         0  maybetermalloc1.o ABSOLUTE
    ../clib/heapalloc.c                      0x00000000   Number         0  maybetermalloc2.o ABSOLUTE
    ../clib/heapalloc.c                      0x00000000   Number         0  heapstubs.o ABSOLUTE
    ../clib/heapalloc.c                      0x00000000   Number         0  hguard.o ABSOLUTE
    ../clib/heapalloc.c                      0x00000000   Number         0  init_alloc.o ABSOLUTE
    ../clib/heapalloc.c                      0x00000000   Number         0  term_alloc.o ABSOLUTE
    ../clib/heapaux.c                        0x00000000   Number         0  heapauxi.o ABSOLUTE
    ../clib/heapaux.c                        0x00000000   Number         0  heapauxa.o ABSOLUTE
    ../clib/libinit.s                        0x00000000   Number         0  libshutdown2.o ABSOLUTE
    ../clib/libinit.s                        0x00000000   Number         0  libshutdown.o ABSOLUTE
    ../clib/libinit.s                        0x00000000   Number         0  libinit2.o ABSOLUTE
    ../clib/libinit.s                        0x00000000   Number         0  libinit.o ABSOLUTE
    ../clib/locale.s                         0x00000000   Number         0  lc_numeric_c.o ABSOLUTE
    ../clib/longlong.s                       0x00000000   Number         0  lludiv10.o ABSOLUTE
    ../clib/memcpset.s                       0x00000000   Number         0  rt_memcpy_w.o ABSOLUTE
    ../clib/memcpset.s                       0x00000000   Number         0  rt_memcpy.o ABSOLUTE
    ../clib/memcpset.s                       0x00000000   Number         0  rt_memclr_w.o ABSOLUTE
    ../clib/memcpset.s                       0x00000000   Number         0  strcmp.o ABSOLUTE
    ../clib/printf.c                         0x00000000   Number         0  __printf_flags_ss_wp.o ABSOLUTE
    ../clib/printf.c                         0x00000000   Number         0  _printf_fp_dec.o ABSOLUTE
    ../clib/printf.c                         0x00000000   Number         0  _printf_char_file.o ABSOLUTE
    ../clib/printf.c                         0x00000000   Number         0  _printf_char_common.o ABSOLUTE
    ../clib/printf.c                         0x00000000   Number         0  __printf_flags_ss.o ABSOLUTE
    ../clib/printf.c                         0x00000000   Number         0  _printf_fp_infnan.o ABSOLUTE
    ../clib/printf.c                         0x00000000   Number         0  _printf_char_file_locked.o ABSOLUTE
    ../clib/printf.c                         0x00000000   Number         0  __printf_nopercent.o ABSOLUTE
    ../clib/printf.c                         0x00000000   Number         0  __2printf.o ABSOLUTE
    ../clib/printf.c                         0x00000000   Number         0  noretval__2printf.o ABSOLUTE
    ../clib/printf.c                         0x00000000   Number         0  __printf.o ABSOLUTE
    ../clib/printf.c                         0x00000000   Number         0  __printf_flags.o ABSOLUTE
    ../clib/printf.c                         0x00000000   Number         0  __printf_ss.o ABSOLUTE
    ../clib/printf.c                         0x00000000   Number         0  __printf_wp.o ABSOLUTE
    ../clib/printf.c                         0x00000000   Number         0  __printf_flags_wp.o ABSOLUTE
    ../clib/printf.c                         0x00000000   Number         0  __printf_ss_wp.o ABSOLUTE
    ../clib/printf_percent.s                 0x00000000   Number         0  _printf_percent.o ABSOLUTE
    ../clib/printf_percent.s                 0x00000000   Number         0  _printf_f.o ABSOLUTE
    ../clib/printf_percent.s                 0x00000000   Number         0  _printf_percent_end.o ABSOLUTE
    ../clib/signal.c                         0x00000000   Number         0  __raise.o ABSOLUTE
    ../clib/signal.c                         0x00000000   Number         0  defsig_fpe_outer.o ABSOLUTE
    ../clib/signal.c                         0x00000000   Number         0  defsig_rtred_inner.o ABSOLUTE
    ../clib/signal.c                         0x00000000   Number         0  defsig_exit.o ABSOLUTE
    ../clib/signal.c                         0x00000000   Number         0  defsig_pvfn_inner.o ABSOLUTE
    ../clib/signal.c                         0x00000000   Number         0  defsig_fpe_formal.o ABSOLUTE
    ../clib/signal.c                         0x00000000   Number         0  defsig_rtred_formal.o ABSOLUTE
    ../clib/signal.c                         0x00000000   Number         0  defsig_rtmem_inner.o ABSOLUTE
    ../clib/signal.c                         0x00000000   Number         0  defsig_rtred_outer.o ABSOLUTE
    ../clib/signal.c                         0x00000000   Number         0  defsig_cppl_inner.o ABSOLUTE
    ../clib/signal.c                         0x00000000   Number         0  defsig_other.o ABSOLUTE
    ../clib/signal.c                         0x00000000   Number         0  defsig_segv_inner.o ABSOLUTE
    ../clib/signal.c                         0x00000000   Number         0  defsig_general.o ABSOLUTE
    ../clib/signal.c                         0x00000000   Number         0  defsig_abrt_inner.o ABSOLUTE
    ../clib/signal.c                         0x00000000   Number         0  defsig_rtmem_outer.o ABSOLUTE
    ../clib/signal.c                         0x00000000   Number         0  defsig_rtmem_formal.o ABSOLUTE
    ../clib/signal.c                         0x00000000   Number         0  defsig_fpe_inner.o ABSOLUTE
    ../clib/signal.c                         0x00000000   Number         0  defsig_stak_inner.o ABSOLUTE
    ../clib/signal.s                         0x00000000   Number         0  defsig.o ABSOLUTE
    ../clib/stdio.c                          0x00000000   Number         0  ftell.o ABSOLUTE
    ../clib/stdio.c                          0x00000000   Number         0  fwritefast_locked.o ABSOLUTE
    ../clib/stdio.c                          0x00000000   Number         0  ferror.o ABSOLUTE
    ../clib/stdio.c                          0x00000000   Number         0  fwritefast.o ABSOLUTE
    ../clib/stdio.c                          0x00000000   Number         0  fputc.o ABSOLUTE
    ../clib/stdio.c                          0x00000000   Number         0  stdio.o ABSOLUTE
    ../clib/stdio.c                          0x00000000   Number         0  fseek.o ABSOLUTE
    ../clib/stdio.c                          0x00000000   Number         0  fputc_locked.o ABSOLUTE
    ../clib/stdio.c                          0x00000000   Number         0  ferror_locked.o ABSOLUTE
    ../clib/stdio.c                          0x00000000   Number         0  initio_locked.o ABSOLUTE
    ../clib/stdio.c                          0x00000000   Number         0  setvbuf_locked.o ABSOLUTE
    ../clib/stdio.c                          0x00000000   Number         0  fopen_locked.o ABSOLUTE
    ../clib/stdio.c                          0x00000000   Number         0  fputs_locked.o ABSOLUTE
    ../clib/stdio.c                          0x00000000   Number         0  fflush_locked.o ABSOLUTE
    ../clib/stdio.c                          0x00000000   Number         0  fopen.o ABSOLUTE
    ../clib/stdio.c                          0x00000000   Number         0  stdio_streams.o ABSOLUTE
    ../clib/stdio.c                          0x00000000   Number         0  fflush.o ABSOLUTE
    ../clib/stdio.c                          0x00000000   Number         0  flsbuf.o ABSOLUTE
    ../clib/stdio.c                          0x00000000   Number         0  setvbuf.o ABSOLUTE
    ../clib/stdio.c                          0x00000000   Number         0  streamlock.o ABSOLUTE
    ../clib/stdio.c                          0x00000000   Number         0  initio.o ABSOLUTE
    ../clib/stdio.c                          0x00000000   Number         0  fputs.o ABSOLUTE
    ../clib/stdio.c                          0x00000000   Number         0  fclose.o ABSOLUTE
    ../clib/stdlib.c                         0x00000000   Number         0  exit.o ABSOLUTE
    ../clib/string.c                         0x00000000   Number         0  strlen.o ABSOLUTE
    ../clib/wchar.c                          0x00000000   Number         0  flsbuf_fwide.o ABSOLUTE
    ../fplib/dretinf.s                       0x00000000   Number         0  dretinf.o ABSOLUTE
    ../fplib/f2d.s                           0x00000000   Number         0  f2d.o ABSOLUTE
    ../fplib/faddsub.s                       0x00000000   Number         0  faddsub_noclz.o ABSOLUTE
    ../fplib/fflt.s                          0x00000000   Number         0  fflt_noclz.o ABSOLUTE
    ../fplib/fmul.s                          0x00000000   Number         0  fmul.o ABSOLUTE
    ../fplib/fnaninf.s                       0x00000000   Number         0  fnaninf.o ABSOLUTE
    ../fplib/fpinit.s                        0x00000000   Number         0  fpinit.o ABSOLUTE
    ../fplib/fretinf.s                       0x00000000   Number         0  fretinf.o ABSOLUTE
    ../fplib/istatus.s                       0x00000000   Number         0  istatus.o ABSOLUTE
    ../fplib/printf1.s                       0x00000000   Number         0  printf1.o ABSOLUTE
    ../fplib/usenofp.s                       0x00000000   Number         0  usenofp.o ABSOLUTE
    ../mathlib/fpclassify.c                  0x00000000   Number         0  fpclassify.o ABSOLUTE
    Startup.s                                0x00000000   Number         0  startup.o ABSOLUTE
    dc.s                                     0x00000000   Number         0  dc.o ABSOLUTE
    task1.c                                  0x00000000   Number         0  task1.o ABSOLUTE
    !!!scatter                               0x00000008   Section       60  __scatter.o(!!!scatter)
    !!dczerorl2                              0x00000044   Section       92  __dczerorl2.o(!!dczerorl2)
    _decompress_loop                         0x0000004f   Thumb Code     0  __dczerorl2.o(!!dczerorl2)
    _decompress_zerolen                      0x0000005d   Thumb Code     0  __dczerorl2.o(!!dczerorl2)
    _decompress_litn                         0x00000065   Thumb Code     0  __dczerorl2.o(!!dczerorl2)
    _decompress_lit                          0x00000069   Thumb Code     0  __dczerorl2.o(!!dczerorl2)
    _decompress_copyorzero                   0x00000075   Thumb Code     0  __dczerorl2.o(!!dczerorl2)
    _decompress_zero                         0x0000007d   Thumb Code     0  __dczerorl2.o(!!dczerorl2)
    _decompress_copyn                        0x00000087   Thumb Code     0  __dczerorl2.o(!!dczerorl2)
    _decompress_copy                         0x0000008f   Thumb Code     0  __dczerorl2.o(!!dczerorl2)
    _decompress_end                          0x0000009b   Thumb Code     0  __dczerorl2.o(!!dczerorl2)
    !!handler_zi                             0x000000a0   Section       44  __scatter_zi.o(!!handler_zi)
    .ARM.Collect$$_printf_percent$$00000000  0x000000d0   Section        0  _printf_percent.o(.ARM.Collect$$_printf_percent$$00000000)
    .ARM.Collect$$_printf_percent$$00000003  0x000000d0   Section        8  _printf_f.o(.ARM.Collect$$_printf_percent$$00000003)
    .ARM.Collect$$_printf_percent$$00000017  0x000000d8   Section        8  _printf_percent_end.o(.ARM.Collect$$_printf_percent$$00000017)
    .ARM.Collect$$libinit$$00000000          0x000000e8   Section        2  libinit.o(.ARM.Collect$$libinit$$00000000)
    .ARM.Collect$$libinit$$00000002          0x000000ea   Section        0  libinit2.o(.ARM.Collect$$libinit$$00000002)
    .ARM.Collect$$libinit$$00000004          0x000000ea   Section        0  libinit2.o(.ARM.Collect$$libinit$$00000004)
    .ARM.Collect$$libinit$$00000005          0x000000ea   Section        8  libinit2.o(.ARM.Collect$$libinit$$00000005)
    .ARM.Collect$$libinit$$0000000A          0x000000f2   Section        0  libinit2.o(.ARM.Collect$$libinit$$0000000A)
    .ARM.Collect$$libinit$$0000000C          0x000000f2   Section        0  libinit2.o(.ARM.Collect$$libinit$$0000000C)
    .ARM.Collect$$libinit$$0000000E          0x000000f2   Section        0  libinit2.o(.ARM.Collect$$libinit$$0000000E)
    .ARM.Collect$$libinit$$0000000F          0x000000f2   Section        6  libinit2.o(.ARM.Collect$$libinit$$0000000F)
    .ARM.Collect$$libinit$$00000011          0x000000f8   Section        0  libinit2.o(.ARM.Collect$$libinit$$00000011)
    .ARM.Collect$$libinit$$00000013          0x000000f8   Section        0  libinit2.o(.ARM.Collect$$libinit$$00000013)
    .ARM.Collect$$libinit$$00000015          0x000000f8   Section        0  libinit2.o(.ARM.Collect$$libinit$$00000015)
    .ARM.Collect$$libinit$$00000016          0x000000f8   Section       10  libinit2.o(.ARM.Collect$$libinit$$00000016)
    .ARM.Collect$$libinit$$00000017          0x00000102   Section        0  libinit2.o(.ARM.Collect$$libinit$$00000017)
    .ARM.Collect$$libinit$$00000019          0x00000102   Section        0  libinit2.o(.ARM.Collect$$libinit$$00000019)
    .ARM.Collect$$libinit$$0000001B          0x00000102   Section        0  libinit2.o(.ARM.Collect$$libinit$$0000001B)
    .ARM.Collect$$libinit$$0000001D          0x00000102   Section        0  libinit2.o(.ARM.Collect$$libinit$$0000001D)
    .ARM.Collect$$libinit$$0000001F          0x00000102   Section        0  libinit2.o(.ARM.Collect$$libinit$$0000001F)
    .ARM.Collect$$libinit$$00000021          0x00000102   Section        0  libinit2.o(.ARM.Collect$$libinit$$00000021)
    .ARM.Collect$$libinit$$00000023          0x00000102   Section        0  libinit2.o(.ARM.Collect$$libinit$$00000023)
    .ARM.Collect$$libinit$$00000024          0x00000102   Section        4  libinit2.o(.ARM.Collect$$libinit$$00000024)
    .ARM.Collect$$libinit$$00000025          0x00000106   Section        0  libinit2.o(.ARM.Collect$$libinit$$00000025)
    .ARM.Collect$$libinit$$0000002C          0x00000106   Section        0  libinit2.o(.ARM.Collect$$libinit$$0000002C)
    .ARM.Collect$$libinit$$0000002E          0x00000106   Section        0  libinit2.o(.ARM.Collect$$libinit$$0000002E)
    .ARM.Collect$$libinit$$00000030          0x00000106   Section        0  libinit2.o(.ARM.Collect$$libinit$$00000030)
    .ARM.Collect$$libinit$$00000032          0x00000106   Section        0  libinit2.o(.ARM.Collect$$libinit$$00000032)
    .ARM.Collect$$libinit$$00000033          0x00000106   Section       12  libinit2.o(.ARM.Collect$$libinit$$00000033)
    .ARM.Collect$$libshutdown$$00000000      0x0000011c   Section        4  libshutdown.o(.ARM.Collect$$libshutdown$$00000000)
    .ARM.Collect$$libshutdown$$00000002      0x00000120   Section        4  libshutdown2.o(.ARM.Collect$$libshutdown$$00000002)
    .ARM.Collect$$libshutdown$$00000003      0x00000124   Section        0  libshutdown2.o(.ARM.Collect$$libshutdown$$00000003)
    .ARM.Collect$$libshutdown$$00000006      0x00000124   Section        0  libshutdown2.o(.ARM.Collect$$libshutdown$$00000006)
    .ARM.Collect$$libshutdown$$00000009      0x00000124   Section        0  libshutdown2.o(.ARM.Collect$$libshutdown$$00000009)
    .ARM.Collect$$libshutdown$$0000000B      0x00000124   Section        0  libshutdown2.o(.ARM.Collect$$libshutdown$$0000000B)
    .ARM.Collect$$libshutdown$$0000000E      0x00000124   Section        0  libshutdown2.o(.ARM.Collect$$libshutdown$$0000000E)
    .ARM.Collect$$libshutdown$$0000000F      0x00000124   Section        6  libshutdown2.o(.ARM.Collect$$libshutdown$$0000000F)
    .ARM.Collect$$rtentry$$00000000          0x0000012c   Section        0  __rtentry.o(.ARM.Collect$$rtentry$$00000000)
    .ARM.Collect$$rtentry$$00000002          0x0000012c   Section        0  __rtentry2.o(.ARM.Collect$$rtentry$$00000002)
    .ARM.Collect$$rtentry$$00000004          0x0000012c   Section        8  __rtentry4.o(.ARM.Collect$$rtentry$$00000004)
    .ARM.Collect$$rtentry$$00000009          0x00000134   Section        0  __rtentry2.o(.ARM.Collect$$rtentry$$00000009)
    .ARM.Collect$$rtentry$$0000000A          0x00000134   Section        4  __rtentry2.o(.ARM.Collect$$rtentry$$0000000A)
    .ARM.Collect$$rtentry$$0000000C          0x00000138   Section        0  __rtentry2.o(.ARM.Collect$$rtentry$$0000000C)
    .ARM.Collect$$rtentry$$0000000D          0x00000138   Section       40  __rtentry2.o(.ARM.Collect$$rtentry$$0000000D)
    .ARM.Collect$$rtexit$$00000000           0x00000164   Section        4  rtexit.o(.ARM.Collect$$rtexit$$00000000)
    .ARM.Collect$$rtexit$$00000002           0x00000168   Section        0  rtexit2.o(.ARM.Collect$$rtexit$$00000002)
    .ARM.Collect$$rtexit$$00000003           0x00000168   Section        4  rtexit2.o(.ARM.Collect$$rtexit$$00000003)
    .ARM.Collect$$rtexit$$00000004           0x0000016c   Section        8  rtexit2.o(.ARM.Collect$$rtexit$$00000004)
    .emb_text                                0x00000174   Section        0  maybetermalloc1.o(.emb_text)
    .text                                    0x00000174   Section       32  startup.o(.text)
    .text                                    0x0000019c   Section        0  noretval__2printf.o(.text)
    .text                                    0x000001b8   Section        0  __printf.o(.text)
    .text                                    0x0000022e   Section        0  heapauxi.o(.text)
    .text                                    0x00000234   Section        0  _printf_fp_dec.o(.text)
    _fp_digits                               0x00000237   Thumb Code   410  _printf_fp_dec.o(.text)
    .text                                    0x00000650   Section        0  _printf_char_file.o(.text)
    .text                                    0x00000680   Section       12  rt_locale_intlibspace.o(.text)
    .text                                    0x00000690   Section      160  lludiv10.o(.text)
    .text                                    0x00000730   Section        0  _printf_char_common.o(.text)
    _printf_input_char                       0x00000731   Thumb Code    10  _printf_char_common.o(.text)
    .text                                    0x00000760   Section        0  _printf_fp_infnan.o(.text)
    .text                                    0x000007f0   Section        0  bigflt0.o(.text)
    .text                                    0x000008c4   Section        0  ferror.o(.text)
    .text                                    0x000008cc   Section        0  initio.o(.text)
    .text                                    0x00000a14   Section       44  rtudiv10.o(.text)
    .text                                    0x00000a40   Section        0  sys_io.o(.text)
    .text                                    0x00000ab4   Section       12  libspace.o(.text)
    .text                                    0x00000ac0   Section       96  sys_stackheap_outer.o(.text)
    .text                                    0x00000b20   Section        0  h1_free.o(.text)
    .text                                    0x00000b74   Section        0  flsbuf.o(.text)
    .text                                    0x00000d68   Section        0  setvbuf.o(.text)
    .text                                    0x00000db8   Section        0  fopen.o(.text)
    _freopen_locked                          0x00000db9   Thumb Code     0  fopen.o(.text)
    .text                                    0x00000ea8   Section        0  fclose.o(.text)
    .text                                    0x00000ef8   Section        0  exit.o(.text)
    .text                                    0x00000f04   Section        0  defsig_rtred_outer.o(.text)
    .text                                    0x00000f18   Section       84  rt_memclr_w.o(.text)
    .text                                    0x00000f6c   Section      244  strcmp.o(.text)
    .text                                    0x00001064   Section      384  aeabi_sdiv.o(.text)
    __arm_div8                               0x00001090   ARM Code       0  aeabi_sdiv.o(.text)
    __arm_div5                               0x000010b4   ARM Code       0  aeabi_sdiv.o(.text)
    __arm_div2                               0x000010d8   ARM Code       0  aeabi_sdiv.o(.text)
    __arm_div_large                          0x00001114   ARM Code       0  aeabi_sdiv.o(.text)
    .text                                    0x000011e4   Section        4  use_no_semi.o(.text)
    .text                                    0x000011e8   Section        0  indicate_semi.o(.text)
    .text                                    0x000011ec   Section       12  rt_heap_descriptor_intlibspace.o(.text)
    .text                                    0x000011f8   Section        0  hguard.o(.text)
    .text                                    0x000011fc   Section        0  init_alloc.o(.text)
    .text                                    0x00001290   Section        0  h1_alloc.o(.text)
    .text                                    0x00001300   Section        0  fseek.o(.text)
    .text                                    0x000013f8   Section        0  stdio.o(.text)
    .text                                    0x000014f4   Section        0  defsig_exit.o(.text)
    .text                                    0x00001504   Section        0  defsig_rtred_inner.o(.text)
    .text                                    0x0000153c   Section        0  strlen.o(.text)
    .text                                    0x00001588   Section        0  sys_exit.o(.text)
    .text                                    0x00001594   Section        0  h1_init.o(.text)
    .text                                    0x000015a2   Section        0  h1_extend.o(.text)
    .text                                    0x000015da   Section        0  ftell.o(.text)
    .text                                    0x00001620   Section        0  defsig_general.o(.text)
    .text                                    0x00001658   Section        0  defsig_rtmem_outer.o(.text)
    .text                                    0x00001668   Section        0  sys_wrch.o(.text)
    .text                                    0x0000167c   Section       12  rt_errno_addr_intlibspace.o(.text)
    .text                                    0x00001688   Section        0  defsig_rtmem_inner.o(.text)
    CL$$btod_d2e                             0x000016e0   Section       56  btod.o(CL$$btod_d2e)
    CL$$btod_d2e_denorm_low                  0x00001718   Section       84  btod.o(CL$$btod_d2e_denorm_low)
    CL$$btod_d2e_norm_op1                    0x0000176c   Section      104  btod.o(CL$$btod_d2e_norm_op1)
    CL$$btod_div_common                      0x000017d4   Section      844  btod.o(CL$$btod_div_common)
    CL$$btod_e2e                             0x00001b20   Section      220  btod.o(CL$$btod_e2e)
    CL$$btod_ediv                            0x00001c00   Section       52  btod.o(CL$$btod_ediv)
    CL$$btod_emul                            0x00001c38   Section       52  btod.o(CL$$btod_emul)
    CL$$btod_mult_common                     0x00001c6c   Section      616  btod.o(CL$$btod_mult_common)
    i.Timing_Synchronization                 0x00001ee0   Section        0  task1.o(i.Timing_Synchronization)
    i.__ARM_common_call_via_r1               0x000020a0   Section        0  __printf.o(i.__ARM_common_call_via_r1)
    i.__ARM_common_call_via_r2               0x000020a2   Section        0  __printf.o(i.__ARM_common_call_via_r2)
    i.__ARM_fpclassify                       0x000020a8   Section        0  fpclassify.o(i.__ARM_fpclassify)
    i.fputc                                  0x000020d8   Section        0  fputc.o(i.fputc)
    i.main                                   0x000020fc   Section        0  task1.o(i.main)
    locale$$code                             0x0000214c   Section       80  lc_numeric_c.o(locale$$code)
    x$fpl$dretinf                            0x0000219c   Section       16  dretinf.o(x$fpl$dretinf)
    x$fpl$f2d                                0x000021ac   Section      100  f2d.o(x$fpl$f2d)
    x$fpl$fadd                               0x00002210   Section      196  faddsub_noclz.o(x$fpl$fadd)
    _fadd1                                   0x0000221c   ARM Code       0  faddsub_noclz.o(x$fpl$fadd)
    x$fpl$fflt                               0x000022d4   Section       92  fflt_noclz.o(x$fpl$fflt)
    x$fpl$fmul                               0x00002330   Section      256  fmul.o(x$fpl$fmul)
    x$fpl$fnaninf                            0x00002430   Section      168  fnaninf.o(x$fpl$fnaninf)
    x$fpl$fretinf                            0x000024d8   Section       16  fretinf.o(x$fpl$fretinf)
    x$fpl$fsub                               0x000024e8   Section      304  faddsub_noclz.o(x$fpl$fsub)
    _fsub1                                   0x000024f4   ARM Code       0  faddsub_noclz.o(x$fpl$fsub)
    x$fpl$ieeestatus                         0x0000261c   Section        8  istatus.o(x$fpl$ieeestatus)
    x$fpl$printf1                            0x00002624   Section        4  printf1.o(x$fpl$printf1)
    .constdata                               0x00002628   Section      148  bigflt0.o(.constdata)
    x$fpl$usenofp                            0x00002628   Section        0  usenofp.o(x$fpl$usenofp)
    tenpwrs_x                                0x00002628   Data          60  bigflt0.o(.constdata)
    tenpwrs_i                                0x00002664   Data          64  bigflt0.o(.constdata)
    .constdata                               0x000026bc   Section        4  sys_io.o(.constdata)
    .constdata                               0x000026c0   Section        4  sys_io.o(.constdata)
    .constdata                               0x000026c4   Section        4  sys_io.o(.constdata)
    locale$$data                             0x000026e8   Section       28  lc_numeric_c.o(locale$$data)
    __lcnum_c_name                           0x000026ec   Data           2  lc_numeric_c.o(locale$$data)
    __lcnum_c_start                          0x000026f4   Data           0  lc_numeric_c.o(locale$$data)
    __lcnum_c_point                          0x00002700   Data           0  lc_numeric_c.o(locale$$data)
    __lcnum_c_thousands                      0x00002702   Data           0  lc_numeric_c.o(locale$$data)
    __lcnum_c_grouping                       0x00002703   Data           0  lc_numeric_c.o(locale$$data)
    __lcnum_c_end                            0x00002704   Data           0  lc_numeric_c.o(locale$$data)
    .data                                    0x40000000   Section    14600  task1.o(.data)
    .data                                    0x40003908   Section        4  stdio_streams.o(.data)
    .data                                    0x4000390c   Section        4  stdio_streams.o(.data)
    .data                                    0x40003910   Section        4  stdio_streams.o(.data)
    .bss                                     0x40003914   Section       84  stdio_streams.o(.bss)
    .bss                                     0x40003968   Section       84  stdio_streams.o(.bss)
    .bss                                     0x400039bc   Section       84  stdio_streams.o(.bss)
    .bss                                     0x40003a10   Section       96  libspace.o(.bss)
    HEAP                                     0x40003a70   Section        0  startup.o(HEAP)
    STACK                                    0x40003a70   Section     1160  startup.o(STACK)
    Heap_Mem                                 0x40003a70   Data           0  startup.o(HEAP)
    Stack_Mem                                0x40003a70   Data        1024  startup.o(STACK)
    Stack_Top                                0x40003ef8   Data           0  startup.o(STACK)

    Global Symbols

    Symbol Name                              Value     Ov Type        Size  Object(Section)

    BuildAttributes$$THM_ISAv1$ARM_ISAv4$S$PE$A:L22$X:L11$S22$IEEE1$IW$USESV6$~STKCKD$USESV7$~SHL$OTIME$ROPI$IEEEJ$EBA8$UX$STANDARDLIB$REQ8$PRES8$EABIv2 0x00000000   Number         0  anon$$obj.o ABSOLUTE
    __ARM_use_no_argv                        0x00000000   Number         0  task1.o ABSOLUTE
    __main                                   0x00000000   ARM Code       8  __main.o(!!!main)
    __ARM_exceptions_init                     - Undefined Weak Reference
    __alloca_initialize                       - Undefined Weak Reference
    __arm_preinit_                            - Undefined Weak Reference
    __cpp_initialize__aeabi_                  - Undefined Weak Reference
    __cxa_finalize                            - Undefined Weak Reference
    __sigvec_lookup                           - Undefined Weak Reference
    __user_heap_extent                        - Undefined Weak Reference
    _atexit_init                              - Undefined Weak Reference
    _call_atexit_fns                          - Undefined Weak Reference
    _clock_init                               - Undefined Weak Reference
    _fp_trap_init                             - Undefined Weak Reference
    _fp_trap_shutdown                         - Undefined Weak Reference
    _get_lc_collate                           - Undefined Weak Reference
    _get_lc_ctype                             - Undefined Weak Reference
    _get_lc_monetary                          - Undefined Weak Reference
    _get_lc_time                              - Undefined Weak Reference
    _getenv_init                              - Undefined Weak Reference
    _handle_redirection                       - Undefined Weak Reference
    _mutex_acquire                            - Undefined Weak Reference
    _mutex_free                               - Undefined Weak Reference
    _mutex_release                            - Undefined Weak Reference
    _printf_post_padding                      - Undefined Weak Reference
    _printf_pre_padding                       - Undefined Weak Reference
    _rand_init                                - Undefined Weak Reference
    _signal_finish                            - Undefined Weak Reference
    _signal_init                              - Undefined Weak Reference
    __scatterload                            0x00000008   ARM Code       0  __scatter.o(!!!scatter)
    __scatterload_rt2                        0x00000008   ARM Code      52  __scatter.o(!!!scatter)
    __scatterload_null                       0x0000001c   ARM Code       0  __scatter.o(!!!scatter)
    __decompress                             0x00000044   ARM Code      92  __dczerorl2.o(!!dczerorl2)
    __decompress1                            0x00000044   ARM Code       0  __dczerorl2.o(!!dczerorl2)
    __scatterload_zeroinit                   0x000000a0   ARM Code      44  __scatter_zi.o(!!handler_zi)
    Inline Thumb to ARM Veneer to _printf_percent 0x000000cd   Thumb Code     4  _printf_percent.o(.ARM.Collect$$_printf_percent$$00000000)
    _printf_f                                0x000000d0   ARM Code       0  _printf_f.o(.ARM.Collect$$_printf_percent$$00000003)
    _printf_percent                          0x000000d0   ARM Code       0  _printf_percent.o(.ARM.Collect$$_printf_percent$$00000000)
    _printf_percent_end                      0x000000d8   ARM Code       0  _printf_percent_end.o(.ARM.Collect$$_printf_percent$$00000017)
    Inline ARM to Thumb Veneer to __rt_lib_init 0x000000e0   ARM Code       8  libinit.o(.ARM.Collect$$libinit$$00000000)
    __rt_lib_init                            0x000000e9   Thumb Code     0  libinit.o(.ARM.Collect$$libinit$$00000000)
    __rt_lib_init_fp_1                       0x000000eb   Thumb Code     0  libinit2.o(.ARM.Collect$$libinit$$00000002)
    __rt_lib_init_heap_2                     0x000000eb   Thumb Code     0  libinit2.o(.ARM.Collect$$libinit$$00000005)
    __rt_lib_init_preinit_1                  0x000000eb   Thumb Code     0  libinit2.o(.ARM.Collect$$libinit$$00000004)
    __rt_lib_init_heap_1                     0x000000f3   Thumb Code     0  libinit2.o(.ARM.Collect$$libinit$$0000000A)
    __rt_lib_init_lc_common                  0x000000f3   Thumb Code     0  libinit2.o(.ARM.Collect$$libinit$$0000000F)
    __rt_lib_init_rand_1                     0x000000f3   Thumb Code     0  libinit2.o(.ARM.Collect$$libinit$$0000000E)
    __rt_lib_init_user_alloc_1               0x000000f3   Thumb Code     0  libinit2.o(.ARM.Collect$$libinit$$0000000C)
    __rt_lib_init_lc_collate_1               0x000000f9   Thumb Code     0  libinit2.o(.ARM.Collect$$libinit$$00000011)
    __rt_lib_init_lc_ctype_1                 0x000000f9   Thumb Code     0  libinit2.o(.ARM.Collect$$libinit$$00000013)
    __rt_lib_init_lc_monetary_1              0x000000f9   Thumb Code     0  libinit2.o(.ARM.Collect$$libinit$$00000015)
    __rt_lib_init_lc_numeric_2               0x000000f9   Thumb Code     0  libinit2.o(.ARM.Collect$$libinit$$00000016)
    __rt_lib_init_atexit_1                   0x00000103   Thumb Code     0  libinit2.o(.ARM.Collect$$libinit$$0000001B)
    __rt_lib_init_clock_1                    0x00000103   Thumb Code     0  libinit2.o(.ARM.Collect$$libinit$$00000021)
    __rt_lib_init_fp_trap_1                  0x00000103   Thumb Code     0  libinit2.o(.ARM.Collect$$libinit$$0000001F)
    __rt_lib_init_getenv_1                   0x00000103   Thumb Code     0  libinit2.o(.ARM.Collect$$libinit$$00000023)
    __rt_lib_init_lc_numeric_1               0x00000103   Thumb Code     0  libinit2.o(.ARM.Collect$$libinit$$00000017)
    __rt_lib_init_lc_time_1                  0x00000103   Thumb Code     0  libinit2.o(.ARM.Collect$$libinit$$00000019)
    __rt_lib_init_signal_1                   0x00000103   Thumb Code     0  libinit2.o(.ARM.Collect$$libinit$$0000001D)
    __rt_lib_init_stdio_2                    0x00000103   Thumb Code     0  libinit2.o(.ARM.Collect$$libinit$$00000024)
    __rt_lib_init_alloca_1                   0x00000107   Thumb Code     0  libinit2.o(.ARM.Collect$$libinit$$0000002E)
    __rt_lib_init_argv_1                     0x00000107   Thumb Code     0  libinit2.o(.ARM.Collect$$libinit$$0000002C)
    __rt_lib_init_cpp_1                      0x00000107   Thumb Code     0  libinit2.o(.ARM.Collect$$libinit$$00000032)
    __rt_lib_init_exceptions_1               0x00000107   Thumb Code     0  libinit2.o(.ARM.Collect$$libinit$$00000030)
    __rt_lib_init_return                     0x00000107   Thumb Code     0  libinit2.o(.ARM.Collect$$libinit$$00000033)
    __rt_lib_init_stdio_1                    0x00000107   Thumb Code     0  libinit2.o(.ARM.Collect$$libinit$$00000025)
    Inline ARM to Thumb Veneer to __rt_lib_shutdown 0x00000114   ARM Code       8  libshutdown.o(.ARM.Collect$$libshutdown$$00000000)
    __rt_lib_shutdown                        0x0000011d   Thumb Code     0  libshutdown.o(.ARM.Collect$$libshutdown$$00000000)
    __rt_lib_shutdown_stdio_2                0x00000121   Thumb Code     0  libshutdown2.o(.ARM.Collect$$libshutdown$$00000002)
    __rt_lib_shutdown_fp_trap_1              0x00000125   Thumb Code     0  libshutdown2.o(.ARM.Collect$$libshutdown$$00000006)
    __rt_lib_shutdown_heap_1                 0x00000125   Thumb Code     0  libshutdown2.o(.ARM.Collect$$libshutdown$$0000000E)
    __rt_lib_shutdown_return                 0x00000125   Thumb Code     0  libshutdown2.o(.ARM.Collect$$libshutdown$$0000000F)
    __rt_lib_shutdown_signal_1               0x00000125   Thumb Code     0  libshutdown2.o(.ARM.Collect$$libshutdown$$00000009)
    __rt_lib_shutdown_stdio_1                0x00000125   Thumb Code     0  libshutdown2.o(.ARM.Collect$$libshutdown$$00000003)
    __rt_lib_shutdown_user_alloc_1           0x00000125   Thumb Code     0  libshutdown2.o(.ARM.Collect$$libshutdown$$0000000B)
    __rt_entry                               0x0000012c   ARM Code       0  __rtentry.o(.ARM.Collect$$rtentry$$00000000)
    __rt_entry_presh_1                       0x0000012c   ARM Code       0  __rtentry2.o(.ARM.Collect$$rtentry$$00000002)
    __rt_entry_sh                            0x0000012c   ARM Code       0  __rtentry4.o(.ARM.Collect$$rtentry$$00000004)
    __rt_entry_li                            0x00000134   ARM Code       0  __rtentry2.o(.ARM.Collect$$rtentry$$0000000A)
    __rt_entry_postsh_1                      0x00000134   ARM Code       0  __rtentry2.o(.ARM.Collect$$rtentry$$00000009)
    __rt_entry_main                          0x00000138   ARM Code       0  __rtentry2.o(.ARM.Collect$$rtentry$$0000000D)
    __rt_entry_postli_1                      0x00000138   ARM Code       0  __rtentry2.o(.ARM.Collect$$rtentry$$0000000C)
    Inline Thumb to ARM Veneer to __rt_exit  0x00000161   Thumb Code     4  rtexit.o(.ARM.Collect$$rtexit$$00000000)
    __rt_exit                                0x00000164   ARM Code       0  rtexit.o(.ARM.Collect$$rtexit$$00000000)
    __rt_exit_ls                             0x00000168   ARM Code       0  rtexit2.o(.ARM.Collect$$rtexit$$00000003)
    __rt_exit_prels_1                        0x00000168   ARM Code       0  rtexit2.o(.ARM.Collect$$rtexit$$00000002)
    __rt_exit_exit                           0x0000016c   ARM Code       0  rtexit2.o(.ARM.Collect$$rtexit$$00000004)
    __user_initial_stackheap                 0x00000174   ARM Code       0  startup.o(.text)
    _maybe_terminate_alloc                   0x00000175   Thumb Code     0  maybetermalloc1.o(.emb_text)
    Inline ARM to Thumb Veneer to __2printf  0x00000194   ARM Code       8  noretval__2printf.o(.text)
    __2printf                                0x0000019d   Thumb Code    22  noretval__2printf.o(.text)
    __printf                                 0x000001b9   Thumb Code   118  __printf.o(.text)
    __use_two_region_memory                  0x0000022f   Thumb Code     2  heapauxi.o(.text)
    __rt_heap_escrow                         0x00000231   Thumb Code     2  heapauxi.o(.text)
    __rt_heap_expand                         0x00000233   Thumb Code     2  heapauxi.o(.text)
    __lib_sel_fp_printf                      0x00000235   Thumb Code     2  _printf_fp_dec.o(.text)
    _printf_fp_dec_real                      0x000003d1   Thumb Code   628  _printf_fp_dec.o(.text)
    _printf_char_file                        0x00000651   Thumb Code    38  _printf_char_file.o(.text)
    Inline Thumb to ARM Veneer to __rt_locale 0x0000067d   Thumb Code     4  rt_locale_intlibspace.o(.text)
    __rt_locale                              0x00000680   ARM Code      12  rt_locale_intlibspace.o(.text)
    Inline Thumb to ARM Veneer to _ll_udiv10 0x0000068d   Thumb Code     4  lludiv10.o(.text)
    _ll_udiv10                               0x00000690   ARM Code     160  lludiv10.o(.text)
    _printf_char_common                      0x0000073b   Thumb Code    34  _printf_char_common.o(.text)
    _printf_fp_infnan                        0x00000761   Thumb Code   128  _printf_fp_infnan.o(.text)
    _btod_etento                             0x000007f1   Thumb Code   206  bigflt0.o(.text)
    ferror                                   0x000008c5   Thumb Code     8  ferror.o(.text)
    _initio                                  0x000008cd   Thumb Code   220  initio.o(.text)
    _terminateio                             0x000009a9   Thumb Code    60  initio.o(.text)
    Inline Thumb to ARM Veneer to __rt_udiv10 0x00000a11   Thumb Code     4  rtudiv10.o(.text)
    __rt_udiv10                              0x00000a14   ARM Code      44  rtudiv10.o(.text)
    _sys_open                                0x00000a41   Thumb Code    24  sys_io.o(.text)
    _sys_close                               0x00000a59   Thumb Code    14  sys_io.o(.text)
    _sys_write                               0x00000a67   Thumb Code    20  sys_io.o(.text)
    _sys_read                                0x00000a7b   Thumb Code    14  sys_io.o(.text)
    _sys_istty                               0x00000a89   Thumb Code    12  sys_io.o(.text)
    _sys_seek                                0x00000a95   Thumb Code    18  sys_io.o(.text)
    _sys_ensure                              0x00000aa7   Thumb Code     2  sys_io.o(.text)
    _sys_flen                                0x00000aa9   Thumb Code    12  sys_io.o(.text)
    __user_libspace                          0x00000ab4   ARM Code      12  libspace.o(.text)
    __user_perproc_libspace                  0x00000ab4   ARM Code       0  libspace.o(.text)
    __user_perthread_libspace                0x00000ab4   ARM Code       0  libspace.o(.text)
    __user_setup_stackheap                   0x00000ac0   ARM Code      96  sys_stackheap_outer.o(.text)
    free                                     0x00000b21   Thumb Code    84  h1_free.o(.text)
    __flsbuf                                 0x00000b75   Thumb Code   492  flsbuf.o(.text)
    __flsbuf_byte                            0x00000b75   Thumb Code     0  flsbuf.o(.text)
    __flsbuf_wide                            0x00000b75   Thumb Code     0  flsbuf.o(.text)
    setvbuf                                  0x00000d69   Thumb Code    74  setvbuf.o(.text)
    freopen                                  0x00000db9   Thumb Code   152  fopen.o(.text)
    fopen                                    0x00000e51   Thumb Code    80  fopen.o(.text)
    _fclose_internal                         0x00000ea9   Thumb Code    76  fclose.o(.text)
    fclose                                   0x00000ea9   Thumb Code     0  fclose.o(.text)
    exit                                     0x00000ef9   Thumb Code    12  exit.o(.text)
    __rt_SIGRTRED                            0x00000f05   Thumb Code    16  defsig_rtred_outer.o(.text)
    Inline Thumb to ARM Veneer to __aeabi_memclr4 0x00000f15   Thumb Code     4  rt_memclr_w.o(.text)
    __aeabi_memclr4                          0x00000f18   ARM Code       0  rt_memclr_w.o(.text)
    __aeabi_memclr8                          0x00000f18   ARM Code       0  rt_memclr_w.o(.text)
    __rt_memclr_w                            0x00000f18   ARM Code      84  rt_memclr_w.o(.text)
    _memset_w                                0x00000f1c   ARM Code       0  rt_memclr_w.o(.text)
    strcmp                                   0x00000f6c   ARM Code     240  strcmp.o(.text)
    Inline Thumb to ARM Veneer to __aeabi_idivmod 0x00001061   Thumb Code     4  aeabi_sdiv.o(.text)
    __aeabi_idiv                             0x00001064   ARM Code       0  aeabi_sdiv.o(.text)
    __aeabi_idivmod                          0x00001064   ARM Code     384  aeabi_sdiv.o(.text)
    __I$use$semihosting                      0x000011e4   ARM Code       0  use_no_semi.o(.text)
    __use_no_semihosting_swi                 0x000011e4   ARM Code       4  use_no_semi.o(.text)
    Inline Thumb to ARM Veneer to __rt_heap_descriptor 0x000011e9   Thumb Code     4  rt_heap_descriptor_intlibspace.o(.text)
    __semihosting_library_function           0x000011e8   ARM Code       0  indicate_semi.o(.text)
    __rt_heap_descriptor                     0x000011ec   ARM Code      12  rt_heap_descriptor_intlibspace.o(.text)
    __use_no_heap                            0x000011f9   Thumb Code     2  hguard.o(.text)
    __heap$guard                             0x000011fb   Thumb Code     2  hguard.o(.text)
    _terminate_user_alloc                    0x000011fd   Thumb Code     2  init_alloc.o(.text)
    _init_user_alloc                         0x000011ff   Thumb Code     2  init_alloc.o(.text)
    __Heap_Full                              0x00001201   Thumb Code    36  init_alloc.o(.text)
    __Heap_Broken                            0x00001225   Thumb Code    14  init_alloc.o(.text)
    _init_alloc                              0x00001233   Thumb Code    94  init_alloc.o(.text)
    malloc                                   0x00001291   Thumb Code   110  h1_alloc.o(.text)
    _fseek                                   0x00001301   Thumb Code   244  fseek.o(.text)
    fseek                                    0x00001301   Thumb Code     0  fseek.o(.text)
    _seterr                                  0x000013f9   Thumb Code    20  stdio.o(.text)
    _writebuf                                0x0000140d   Thumb Code    80  stdio.o(.text)
    _fflush                                  0x0000145d   Thumb Code    80  stdio.o(.text)
    _deferredlazyseek                        0x000014ad   Thumb Code    64  stdio.o(.text)
    __sig_exit                               0x000014f5   Thumb Code    16  defsig_exit.o(.text)
    __rt_SIGRTRED_inner                      0x00001505   Thumb Code    18  defsig_rtred_inner.o(.text)
    strlen                                   0x0000153d   Thumb Code    64  strlen.o(.text)
    Inline ARM to Thumb Veneer to _sys_exit  0x00001580   ARM Code       8  sys_exit.o(.text)
    _sys_exit                                0x00001589   Thumb Code     8  sys_exit.o(.text)
    __Heap_Initialize                        0x00001595   Thumb Code    10  h1_init.o(.text)
    __Heap_DescSize                          0x0000159f   Thumb Code     4  h1_init.o(.text)
    __Heap_ProvideMemory                     0x000015a3   Thumb Code    56  h1_extend.o(.text)
    _ftell_internal                          0x000015db   Thumb Code    70  ftell.o(.text)
    ftell                                    0x000015db   Thumb Code     0  ftell.o(.text)
    __default_signal_display                 0x00001621   Thumb Code    56  defsig_general.o(.text)
    __rt_SIGRTMEM                            0x00001659   Thumb Code    16  defsig_rtmem_outer.o(.text)
    _ttywrch                                 0x00001669   Thumb Code    16  sys_wrch.o(.text)
    Inline Thumb to ARM Veneer to __aeabi_errno_addr 0x00001679   Thumb Code     4  rt_errno_addr_intlibspace.o(.text)
    __aeabi_errno_addr                       0x0000167c   ARM Code      12  rt_errno_addr_intlibspace.o(.text)
    __errno$intlibspace                      0x0000167c   ARM Code       0  rt_errno_addr_intlibspace.o(.text)
    __rt_errno_addr$intlibspace              0x0000167c   ARM Code       0  rt_errno_addr_intlibspace.o(.text)
    __rt_SIGRTMEM_inner                      0x00001689   Thumb Code    26  defsig_rtmem_inner.o(.text)
    Inline Thumb to ARM Veneer to _btod_d2e  0x000016dd   Thumb Code     4  btod.o(CL$$btod_d2e)
    _btod_d2e                                0x000016e0   ARM Code      56  btod.o(CL$$btod_d2e)
    _d2e_denorm_low                          0x00001718   ARM Code      84  btod.o(CL$$btod_d2e_denorm_low)
    _d2e_norm_op1                            0x0000176c   ARM Code     104  btod.o(CL$$btod_d2e_norm_op1)
    __btod_div_common                        0x000017d4   ARM Code     716  btod.o(CL$$btod_div_common)
    _e2e                                     0x00001b20   ARM Code     220  btod.o(CL$$btod_e2e)
    Inline Thumb to ARM Veneer to _btod_ediv 0x00001bfd   Thumb Code     4  btod.o(CL$$btod_ediv)
    _btod_ediv                               0x00001c00   ARM Code      52  btod.o(CL$$btod_ediv)
    Inline Thumb to ARM Veneer to _btod_emul 0x00001c35   Thumb Code     4  btod.o(CL$$btod_emul)
    _btod_emul                               0x00001c38   ARM Code      52  btod.o(CL$$btod_emul)
    __btod_mult_common                       0x00001c6c   ARM Code     616  btod.o(CL$$btod_mult_common)
    Long ARM to Thumb Veneer to _printf_fp_dec_real 0x00001ed4   ARM Code      12  anon$$obj.o(Veneer$$Code)
    Timing_Synchronization                   0x00001ee0   ARM Code     440  task1.o(i.Timing_Synchronization)
    __ARM_common_call_via_r1                 0x000020a1   Thumb Code     2  __printf.o(i.__ARM_common_call_via_r1)
    __ARM_common_call_via_r2                 0x000020a3   Thumb Code     2  __printf.o(i.__ARM_common_call_via_r2)
    Inline Thumb to ARM Veneer to __ARM_fpclassify 0x000020a5   Thumb Code     4  fpclassify.o(i.__ARM_fpclassify)
    __ARM_fpclassify                         0x000020a8   ARM Code      48  fpclassify.o(i.__ARM_fpclassify)
    fputc                                    0x000020d9   Thumb Code    36  fputc.o(i.fputc)
    main                                     0x000020fc   ARM Code      60  task1.o(i.main)
    Inline Thumb to ARM Veneer to _get_lc_numeric 0x00002149   Thumb Code     4  lc_numeric_c.o(locale$$code)
    _get_lc_numeric                          0x0000214c   ARM Code      80  lc_numeric_c.o(locale$$code)
    __fpl_dretinf                            0x0000219c   ARM Code      16  dretinf.o(x$fpl$dretinf)
    __aeabi_f2d                              0x000021ac   ARM Code       0  f2d.o(x$fpl$f2d)
    _f2d                                     0x000021ac   ARM Code     100  f2d.o(x$fpl$f2d)
    __aeabi_fadd                             0x00002210   ARM Code       0  faddsub_noclz.o(x$fpl$fadd)
    _fadd                                    0x00002210   ARM Code     196  faddsub_noclz.o(x$fpl$fadd)
    __aeabi_i2f                              0x000022d4   ARM Code       0  fflt_noclz.o(x$fpl$fflt)
    _fflt                                    0x000022d4   ARM Code      92  fflt_noclz.o(x$fpl$fflt)
    __fflt_normalise                         0x000022e0   ARM Code       0  fflt_noclz.o(x$fpl$fflt)
    __aeabi_fmul                             0x00002330   ARM Code       0  fmul.o(x$fpl$fmul)
    _fmul                                    0x00002330   ARM Code     256  fmul.o(x$fpl$fmul)
    __fpl_fnaninf                            0x00002430   ARM Code     168  fnaninf.o(x$fpl$fnaninf)
    __fpl_fretinf                            0x000024d8   ARM Code      16  fretinf.o(x$fpl$fretinf)
    __aeabi_fsub                             0x000024e8   ARM Code       0  faddsub_noclz.o(x$fpl$fsub)
    _fsub                                    0x000024e8   ARM Code     304  faddsub_noclz.o(x$fpl$fsub)
    Inline Thumb to ARM Veneer to __ieee_status 0x00002619   Thumb Code     4  istatus.o(x$fpl$ieeestatus)
    __ieee_status                            0x0000261c   ARM Code       8  istatus.o(x$fpl$ieeestatus)
    _printf_fp_dec                           0x00002624   ARM Code       4  printf1.o(x$fpl$printf1)
    __I$use$fp                               0x00002628   Number         0  usenofp.o(x$fpl$usenofp)
    __stdin_name                             0x000026bc   Data           4  sys_io.o(.constdata)
    __stdout_name                            0x000026c0   Data           4  sys_io.o(.constdata)
    __stderr_name                            0x000026c4   Data           4  sys_io.o(.constdata)
    Region$$Table$$Base                      0x000026c8   Number         0  anon$$obj.o(Region$$Table)
    Region$$Table$$Limit                     0x000026e8   Number         0  anon$$obj.o(Region$$Table)
    coef                                     0x40000000   Data        1024  task1.o(.data)
    R                                        0x40000400   Data       13576  task1.o(.data)
    __aeabi_stdin                            0x40003908   Data           4  stdio_streams.o(.data)
    __aeabi_stdout                           0x4000390c   Data           4  stdio_streams.o(.data)
    __aeabi_stderr                           0x40003910   Data           4  stdio_streams.o(.data)
    __stdin                                  0x40003914   Data          84  stdio_streams.o(.bss)
    __stdout                                 0x40003968   Data          84  stdio_streams.o(.bss)
    __stderr                                 0x400039bc   Data          84  stdio_streams.o(.bss)
    __libspace_start                         0x40003a10   Data          96  libspace.o(.bss)
    __temporary_stack_top$libspace           0x40003a70   Data           0  libspace.o(.bss)



==============================================================================

Memory Map of the image

  Image Entry point : 0x00000000

  Load Region LR_1 (Base: 0x00000000, Size: 0x00006018, Max: 0xffffffff, ABSOLUTE, COMPRESSED[0x000053e4])

    Execution Region ER_RO (Base: 0x00000000, Size: 0x00002704, Max: 0xffffffff, ABSOLUTE)

    Base Addr    Size         Type   Attr      Idx    E Section Name        Object

    0x00000000   0x00000008   Code   RO           75  * !!!main             c_t.l(__main.o)
    0x00000008   0x0000003c   Code   RO          527    !!!scatter          c_t.l(__scatter.o)
    0x00000044   0x0000005c   Code   RO          525    !!dczerorl2         c_t.l(__dczerorl2.o)
    0x000000a0   0x0000002c   Code   RO          529    !!handler_zi        c_t.l(__scatter_zi.o)
    0x000000cc   0x00000004   Ven    RO           72    .ARM.Collect$$_printf_percent$$00000000  c_t.l(_printf_percent.o)
    0x000000d0   0x00000000   Code   RO           72    .ARM.Collect$$_printf_percent$$00000000  c_t.l(_printf_percent.o)
    0x000000d0   0x00000008   Code   RO           71    .ARM.Collect$$_printf_percent$$00000003  c_t.l(_printf_f.o)
    0x000000d8   0x00000008   Code   RO           98    .ARM.Collect$$_printf_percent$$00000017  c_t.l(_printf_percent_end.o)
    0x000000e0   0x00000008   Ven    RO          306    .ARM.Collect$$libinit$$00000000  c_t.l(libinit.o)
    0x000000e8   0x00000002   Code   RO          306    .ARM.Collect$$libinit$$00000000  c_t.l(libinit.o)
    0x000000ea   0x00000000   Code   RO          308    .ARM.Collect$$libinit$$00000002  c_t.l(libinit2.o)
    0x000000ea   0x00000000   Code   RO          310    .ARM.Collect$$libinit$$00000004  c_t.l(libinit2.o)
    0x000000ea   0x00000008   Code   RO          311    .ARM.Collect$$libinit$$00000005  c_t.l(libinit2.o)
    0x000000f2   0x00000000   Code   RO          313    .ARM.Collect$$libinit$$0000000A  c_t.l(libinit2.o)
    0x000000f2   0x00000000   Code   RO          315    .ARM.Collect$$libinit$$0000000C  c_t.l(libinit2.o)
    0x000000f2   0x00000000   Code   RO          317    .ARM.Collect$$libinit$$0000000E  c_t.l(libinit2.o)
    0x000000f2   0x00000006   Code   RO          318    .ARM.Collect$$libinit$$0000000F  c_t.l(libinit2.o)
    0x000000f8   0x00000000   Code   RO          320    .ARM.Collect$$libinit$$00000011  c_t.l(libinit2.o)
    0x000000f8   0x00000000   Code   RO          322    .ARM.Collect$$libinit$$00000013  c_t.l(libinit2.o)
    0x000000f8   0x00000000   Code   RO          324    .ARM.Collect$$libinit$$00000015  c_t.l(libinit2.o)
    0x000000f8   0x0000000a   Code   RO          325    .ARM.Collect$$libinit$$00000016  c_t.l(libinit2.o)
    0x00000102   0x00000000   Code   RO          326    .ARM.Collect$$libinit$$00000017  c_t.l(libinit2.o)
    0x00000102   0x00000000   Code   RO          328    .ARM.Collect$$libinit$$00000019  c_t.l(libinit2.o)
    0x00000102   0x00000000   Code   RO          330    .ARM.Collect$$libinit$$0000001B  c_t.l(libinit2.o)
    0x00000102   0x00000000   Code   RO          332    .ARM.Collect$$libinit$$0000001D  c_t.l(libinit2.o)
    0x00000102   0x00000000   Code   RO          334    .ARM.Collect$$libinit$$0000001F  c_t.l(libinit2.o)
    0x00000102   0x00000000   Code   RO          336    .ARM.Collect$$libinit$$00000021  c_t.l(libinit2.o)
    0x00000102   0x00000000   Code   RO          338    .ARM.Collect$$libinit$$00000023  c_t.l(libinit2.o)
    0x00000102   0x00000004   Code   RO          339    .ARM.Collect$$libinit$$00000024  c_t.l(libinit2.o)
    0x00000106   0x00000000   Code   RO          340    .ARM.Collect$$libinit$$00000025  c_t.l(libinit2.o)
    0x00000106   0x00000000   Code   RO          344    .ARM.Collect$$libinit$$0000002C  c_t.l(libinit2.o)
    0x00000106   0x00000000   Code   RO          346    .ARM.Collect$$libinit$$0000002E  c_t.l(libinit2.o)
    0x00000106   0x00000000   Code   RO          348    .ARM.Collect$$libinit$$00000030  c_t.l(libinit2.o)
    0x00000106   0x00000000   Code   RO          350    .ARM.Collect$$libinit$$00000032  c_t.l(libinit2.o)
    0x00000106   0x0000000c   Code   RO          351    .ARM.Collect$$libinit$$00000033  c_t.l(libinit2.o)
    0x00000112   0x00000002   PAD
    0x00000114   0x00000008   Ven    RO          504    .ARM.Collect$$libshutdown$$00000000  c_t.l(libshutdown.o)
    0x0000011c   0x00000004   Code   RO          504    .ARM.Collect$$libshutdown$$00000000  c_t.l(libshutdown.o)
    0x00000120   0x00000004   Code   RO          353    .ARM.Collect$$libshutdown$$00000002  c_t.l(libshutdown2.o)
    0x00000124   0x00000000   Code   RO          354    .ARM.Collect$$libshutdown$$00000003  c_t.l(libshutdown2.o)
    0x00000124   0x00000000   Code   RO          357    .ARM.Collect$$libshutdown$$00000006  c_t.l(libshutdown2.o)
    0x00000124   0x00000000   Code   RO          360    .ARM.Collect$$libshutdown$$00000009  c_t.l(libshutdown2.o)
    0x00000124   0x00000000   Code   RO          362    .ARM.Collect$$libshutdown$$0000000B  c_t.l(libshutdown2.o)
    0x00000124   0x00000000   Code   RO          365    .ARM.Collect$$libshutdown$$0000000E  c_t.l(libshutdown2.o)
    0x00000124   0x00000006   Code   RO          366    .ARM.Collect$$libshutdown$$0000000F  c_t.l(libshutdown2.o)
    0x0000012a   0x00000002   PAD
    0x0000012c   0x00000000   Code   RO           93    .ARM.Collect$$rtentry$$00000000  c_t.l(__rtentry.o)
    0x0000012c   0x00000000   Code   RO          113    .ARM.Collect$$rtentry$$00000002  c_t.l(__rtentry2.o)
    0x0000012c   0x00000008   Code   RO          125    .ARM.Collect$$rtentry$$00000004  c_t.l(__rtentry4.o)
    0x00000134   0x00000000   Code   RO          115    .ARM.Collect$$rtentry$$00000009  c_t.l(__rtentry2.o)
    0x00000134   0x00000004   Code   RO          116    .ARM.Collect$$rtentry$$0000000A  c_t.l(__rtentry2.o)
    0x00000138   0x00000000   Code   RO          118    .ARM.Collect$$rtentry$$0000000C  c_t.l(__rtentry2.o)
    0x00000138   0x00000028   Code   RO          119    .ARM.Collect$$rtentry$$0000000D  c_t.l(__rtentry2.o)
    0x00000160   0x00000004   Ven    RO          372    .ARM.Collect$$rtexit$$00000000  c_t.l(rtexit.o)
    0x00000164   0x00000004   Code   RO          372    .ARM.Collect$$rtexit$$00000000  c_t.l(rtexit.o)
    0x00000168   0x00000000   Code   RO          434    .ARM.Collect$$rtexit$$00000002  c_t.l(rtexit2.o)
    0x00000168   0x00000004   Code   RO          435    .ARM.Collect$$rtexit$$00000003  c_t.l(rtexit2.o)
    0x0000016c   0x00000008   Code   RO          436    .ARM.Collect$$rtexit$$00000004  c_t.l(rtexit2.o)
    0x00000174   0x00000000   Code   RO          442    .emb_text           c_t.l(maybetermalloc1.o)
    0x00000174   0x00000020   Code   RO            4    .text               startup.o
    0x00000194   0x00000008   Ven    RO           43    .text               c_t.l(noretval__2printf.o)
    0x0000019c   0x0000001c   Code   RO           43    .text               c_t.l(noretval__2printf.o)
    0x000001b8   0x00000076   Code   RO           45    .text               c_t.l(__printf.o)
    0x0000022e   0x00000006   Code   RO           73    .text               c_t.l(heapauxi.o)
    0x00000234   0x0000041c   Code   RO           94    .text               c_t.l(_printf_fp_dec.o)
    0x00000650   0x0000002c   Code   RO           96    .text               c_t.l(_printf_char_file.o)
    0x0000067c   0x00000004   Ven    RO          130    .text               c_t.l(rt_locale_intlibspace.o)
    0x00000680   0x0000000c   Code   RO          130    .text               c_t.l(rt_locale_intlibspace.o)
    0x0000068c   0x00000004   Ven    RO          132    .text               c_t.l(lludiv10.o)
    0x00000690   0x000000a0   Code   RO          132    .text               c_t.l(lludiv10.o)
    0x00000730   0x00000030   Code   RO          134    .text               c_t.l(_printf_char_common.o)
    0x00000760   0x00000090   Code   RO          136    .text               c_t.l(_printf_fp_infnan.o)
    0x000007f0   0x000000d4   Code   RO          138    .text               c_t.l(bigflt0.o)
    0x000008c4   0x00000008   Code   RO          163    .text               c_t.l(ferror.o)
    0x000008cc   0x00000144   Code   RO          169    .text               c_t.l(initio.o)
    0x00000a10   0x00000004   Ven    RO          180    .text               c_t.l(rtudiv10.o)
    0x00000a14   0x0000002c   Code   RO          180    .text               c_t.l(rtudiv10.o)
    0x00000a40   0x00000074   Code   RO          186    .text               c_t.l(sys_io.o)
    0x00000ab4   0x0000000c   Code   RO          191    .text               c_t.l(libspace.o)
    0x00000ac0   0x00000060   Code   RO          196    .text               c_t.l(sys_stackheap_outer.o)
    0x00000b20   0x00000054   Code   RO          200    .text               c_t.l(h1_free.o)
    0x00000b74   0x000001f4   Code   RO          262    .text               c_t.l(flsbuf.o)
    0x00000d68   0x00000050   Code   RO          264    .text               c_t.l(setvbuf.o)
    0x00000db8   0x000000f0   Code   RO          267    .text               c_t.l(fopen.o)
    0x00000ea8   0x00000050   Code   RO          269    .text               c_t.l(fclose.o)
    0x00000ef8   0x0000000c   Code   RO          275    .text               c_t.l(exit.o)
    0x00000f04   0x00000010   Code   RO          277    .text               c_t.l(defsig_rtred_outer.o)
    0x00000f14   0x00000004   Ven    RO          281    .text               c_t.l(rt_memclr_w.o)
    0x00000f18   0x00000054   Code   RO          281    .text               c_t.l(rt_memclr_w.o)
    0x00000f6c   0x000000f4   Code   RO          283    .text               c_t.l(strcmp.o)
    0x00001060   0x00000004   Ven    RO          285    .text               c_t.l(aeabi_sdiv.o)
    0x00001064   0x00000180   Code   RO          285    .text               c_t.l(aeabi_sdiv.o)
    0x000011e4   0x00000004   Code   RO          369    .text               c_t.l(use_no_semi.o)
    0x000011e8   0x00000000   Code   RO          371    .text               c_t.l(indicate_semi.o)
    0x000011e8   0x00000004   Ven    RO          383    .text               c_t.l(rt_heap_descriptor_intlibspace.o)
    0x000011ec   0x0000000c   Code   RO          383    .text               c_t.l(rt_heap_descriptor_intlibspace.o)
    0x000011f8   0x00000004   Code   RO          385    .text               c_t.l(hguard.o)
    0x000011fc   0x00000094   Code   RO          387    .text               c_t.l(init_alloc.o)
    0x00001290   0x0000006e   Code   RO          393    .text               c_t.l(h1_alloc.o)
    0x000012fe   0x00000002   PAD
    0x00001300   0x000000f8   Code   RO          409    .text               c_t.l(fseek.o)
    0x000013f8   0x000000fc   Code   RO          411    .text               c_t.l(stdio.o)
    0x000014f4   0x00000010   Code   RO          417    .text               c_t.l(defsig_exit.o)
    0x00001504   0x00000038   Code   RO          419    .text               c_t.l(defsig_rtred_inner.o)
    0x0000153c   0x00000044   Code   RO          423    .text               c_t.l(strlen.o)
    0x00001580   0x00000008   Ven    RO          431    .text               c_t.l(sys_exit.o)
    0x00001588   0x0000000c   Code   RO          431    .text               c_t.l(sys_exit.o)
    0x00001594   0x0000000e   Code   RO          444    .text               c_t.l(h1_init.o)
    0x000015a2   0x00000038   Code   RO          446    .text               c_t.l(h1_extend.o)
    0x000015da   0x00000046   Code   RO          456    .text               c_t.l(ftell.o)
    0x00001620   0x00000038   Code   RO          464    .text               c_t.l(defsig_general.o)
    0x00001658   0x00000010   Code   RO          466    .text               c_t.l(defsig_rtmem_outer.o)
    0x00001668   0x00000010   Code   RO          481    .text               c_t.l(sys_wrch.o)
    0x00001678   0x00000004   Ven    RO          488    .text               c_t.l(rt_errno_addr_intlibspace.o)
    0x0000167c   0x0000000c   Code   RO          488    .text               c_t.l(rt_errno_addr_intlibspace.o)
    0x00001688   0x00000054   Code   RO          498    .text               c_t.l(defsig_rtmem_inner.o)
    0x000016dc   0x00000004   Ven    RO          141    CL$$btod_d2e        c_t.l(btod.o)
    0x000016e0   0x00000038   Code   RO          141    CL$$btod_d2e        c_t.l(btod.o)
    0x00001718   0x00000054   Code   RO          143    CL$$btod_d2e_denorm_low  c_t.l(btod.o)
    0x0000176c   0x00000068   Code   RO          142    CL$$btod_d2e_norm_op1  c_t.l(btod.o)
    0x000017d4   0x0000034c   Code   RO          151    CL$$btod_div_common  c_t.l(btod.o)
    0x00001b20   0x000000dc   Code   RO          148    CL$$btod_e2e        c_t.l(btod.o)
    0x00001bfc   0x00000004   Ven    RO          145    CL$$btod_ediv       c_t.l(btod.o)
    0x00001c00   0x00000034   Code   RO          145    CL$$btod_ediv       c_t.l(btod.o)
    0x00001c34   0x00000004   Ven    RO          144    CL$$btod_emul       c_t.l(btod.o)
    0x00001c38   0x00000034   Code   RO          144    CL$$btod_emul       c_t.l(btod.o)
    0x00001c6c   0x00000268   Code   RO          150    CL$$btod_mult_common  c_t.l(btod.o)
    0x00001ed4   0x0000000c   Ven    RO          550    Veneer$$Code        anon$$obj.o
    0x00001ee0   0x000001c0   Code   RO           11    i.Timing_Synchronization  task1.o
    0x000020a0   0x00000002   Code   RO           49    i.__ARM_common_call_via_r1  c_t.l(__printf.o)
    0x000020a2   0x00000002   Code   RO           47    i.__ARM_common_call_via_r2  c_t.l(__printf.o)
    0x000020a4   0x00000004   Ven    RO          184    i.__ARM_fpclassify  m_ts.l(fpclassify.o)
    0x000020a8   0x00000030   Code   RO          184    i.__ARM_fpclassify  m_ts.l(fpclassify.o)
    0x000020d8   0x00000024   Code   RO          166    i.fputc             c_t.l(fputc.o)
    0x000020fc   0x0000004c   Code   RO           12    i.main              task1.o
    0x00002148   0x00000004   Ven    RO          178    locale$$code        c_t.l(lc_numeric_c.o)
    0x0000214c   0x00000050   Code   RO          178    locale$$code        c_t.l(lc_numeric_c.o)
    0x0000219c   0x00000010   Code   RO          105    x$fpl$dretinf       fz_ts.l(dretinf.o)
    0x000021ac   0x00000064   Code   RO           77    x$fpl$f2d           fz_ts.l(f2d.o)
    0x00002210   0x000000c4   Code   RO           79    x$fpl$fadd          fz_ts.l(faddsub_noclz.o)
    0x000022d4   0x0000005c   Code   RO           86    x$fpl$fflt          fz_ts.l(fflt_noclz.o)
    0x00002330   0x00000100   Code   RO           89    x$fpl$fmul          fz_ts.l(fmul.o)
    0x00002430   0x000000a8   Code   RO          107    x$fpl$fnaninf       fz_ts.l(fnaninf.o)
    0x000024d8   0x00000010   Code   RO          109    x$fpl$fretinf       fz_ts.l(fretinf.o)
    0x000024e8   0x00000130   Code   RO           81    x$fpl$fsub          fz_ts.l(faddsub_noclz.o)
    0x00002618   0x00000004   Ven    RO          182    x$fpl$ieeestatus    fz_ts.l(istatus.o)
    0x0000261c   0x00000008   Code   RO          182    x$fpl$ieeestatus    fz_ts.l(istatus.o)
    0x00002624   0x00000004   Code   RO           91    x$fpl$printf1       fz_ts.l(printf1.o)
    0x00002628   0x00000000   Code   RO          111    x$fpl$usenofp       fz_ts.l(usenofp.o)
    0x00002628   0x00000094   Data   RO          139    .constdata          c_t.l(bigflt0.o)
    0x000026bc   0x00000004   Data   RO          187    .constdata          c_t.l(sys_io.o)
    0x000026c0   0x00000004   Data   RO          188    .constdata          c_t.l(sys_io.o)
    0x000026c4   0x00000004   Data   RO          189    .constdata          c_t.l(sys_io.o)
    0x000026c8   0x00000020   Data   RO          523    Region$$Table       anon$$obj.o
    0x000026e8   0x0000001c   Data   RO          177    locale$$data        c_t.l(lc_numeric_c.o)


    Execution Region ER_RW (Base: 0x40000000, Size: 0x00003914, Max: 0xffffffff, ABSOLUTE, COMPRESSED[0x00002ce0])

    Base Addr    Size         Type   Attr      Idx    E Section Name        Object

    0x40000000   0x00003908   Data   RW           13    .data               task1.o
    0x40003908   0x00000004   Data   RW          102    .data               c_t.l(stdio_streams.o)
    0x4000390c   0x00000004   Data   RW          103    .data               c_t.l(stdio_streams.o)
    0x40003910   0x00000004   Data   RW          104    .data               c_t.l(stdio_streams.o)


    Execution Region ER_ZI (Base: 0x40003914, Size: 0x000005e4, Max: 0xffffffff, ABSOLUTE)

    Base Addr    Size         Type   Attr      Idx    E Section Name        Object

    0x40003914   0x00000054   Zero   RW           99    .bss                c_t.l(stdio_streams.o)
    0x40003968   0x00000054   Zero   RW          100    .bss                c_t.l(stdio_streams.o)
    0x400039bc   0x00000054   Zero   RW          101    .bss                c_t.l(stdio_streams.o)
    0x40003a10   0x00000060   Zero   RW          192    .bss                c_t.l(libspace.o)
    0x40003a70   0x00000000   Zero   RW            2    HEAP                startup.o
    0x40003a70   0x00000488   Zero   RW            1    STACK               startup.o


==============================================================================

Image component sizes


      Code (inc. data)   RO Data    RW Data    ZI Data      Debug   Object Name

        32         12          0          0       1160        268   startup.o
       524         24          0      14600          0       3489   task1.o

    ----------------------------------------------------------------------
       568         40         32      14600       1160       3757   Object Totals
        12          4         32          0          0          0   (incl. Generated)
         0          0          0          0          0          0   (incl. Padding)

    ----------------------------------------------------------------------

      Code (inc. data)   RO Data    RW Data    ZI Data      Debug   Library Member Name

        92          0          0          0          0          0   __dczerorl2.o
         8          0          0          0          0         68   __main.o
       122          0          0          0          0        208   __printf.o
         0          0          0          0          0          0   __rtentry.o
        44          4          0          0          0          0   __rtentry2.o
         8          0          0          0          0          0   __rtentry4.o
        60          8          0          0          0          0   __scatter.o
        44          0          0          0          0          0   __scatter_zi.o
        48          4          0          0          0         96   _printf_char_common.o
        44          6          0          0          0         88   _printf_char_file.o
         8          0          0          0          0          0   _printf_f.o
      1052         12          0          0          0        188   _printf_fp_dec.o
       144         16          0          0          0         88   _printf_fp_infnan.o
         4          0          0          0          0          0   _printf_percent.o
         8          0          0          0          0          0   _printf_percent_end.o
       388          0          0          0          0         80   aeabi_sdiv.o
       212          6        148          0          0         96   bigflt0.o
      2040        128          0          0          0        692   btod.o
        16          0          0          0          0         80   defsig_exit.o
        56          0          0          0          0         84   defsig_general.o
        84         58          0          0          0         80   defsig_rtmem_inner.o
        16          0          0          0          0         80   defsig_rtmem_outer.o
        56         38          0          0          0         80   defsig_rtred_inner.o
        16          0          0          0          0         80   defsig_rtred_outer.o
        12          0          0          0          0         64   exit.o
        80          4          0          0          0         92   fclose.o
         8          0          0          0          0         60   ferror.o
       500          8          0          0          0         92   flsbuf.o
       240          8          0          0          0        140   fopen.o
        36          0          0          0          0         80   fputc.o
       248          4          0          0          0         92   fseek.o
        70          0          0          0          0         80   ftell.o
       110          0          0          0          0        116   h1_alloc.o
        56          0          0          0          0         80   h1_extend.o
        84          0          0          0          0        100   h1_free.o
        14          0          0          0          0         76   h1_init.o
         6          0          0          0          0        136   heapauxi.o
         4          0          0          0          0        120   hguard.o
         0          0          0          0          0          0   indicate_semi.o
       148          0          0          0          0        192   init_alloc.o
       324         44          0          0          0        120   initio.o
        84          8         28          0          0         92   lc_numeric_c.o
        10          0          0          0          0          0   libinit.o
        40          0          0          0          0          0   libinit2.o
        12          0          0          0          0          0   libshutdown.o
        10          0          0          0          0          0   libshutdown2.o
        12          4          0          0         96         68   libspace.o
       164          0          0          0          0         96   lludiv10.o
         0          0          0          0          0          0   maybetermalloc1.o
        36          6          0          0          0         84   noretval__2printf.o
        16          4          0          0          0         68   rt_errno_addr_intlibspace.o
        16          4          0          0          0         68   rt_heap_descriptor_intlibspace.o
        16          4          0          0          0         68   rt_locale_intlibspace.o
        88          0          0          0          0         80   rt_memclr_w.o
         8          0          0          0          0          0   rtexit.o
        12          0          0          0          0          0   rtexit2.o
        48          0          0          0          0         68   rtudiv10.o
        80          6          0          0          0         80   setvbuf.o
       252          8          0          0          0        184   stdio.o
         0          0          0         12        252          0   stdio_streams.o
       244          4          0          0          0         80   strcmp.o
        68          4          0          0          0         76   strlen.o
        20          4          0          0          0         60   sys_exit.o
       116          0         12          0          0        260   sys_io.o
        96          0          0          0          0         80   sys_stackheap_outer.o
        16          0          0          0          0         76   sys_wrch.o
         4          0          0          0          0         68   use_no_semi.o
        16          0          0          0          0         68   dretinf.o
       100          4          0          0          0         84   f2d.o
       500          8          0          0          0        168   faddsub_noclz.o
        92          0          0          0          0         68   fflt_noclz.o
       256          4          0          0          0         84   fmul.o
       168          0          0          0          0         96   fnaninf.o
        16          0          0          0          0         68   fretinf.o
        12          0          0          0          0         68   istatus.o
         4          0          0          0          0         68   printf1.o
         0          0          0          0          0          0   usenofp.o
        52          0          0          0          0         68   fpclassify.o

    ----------------------------------------------------------------------
      9200        420        188         12        348       6224   Library Totals
         6          0          0          0          0          0   (incl. Padding)

    ----------------------------------------------------------------------

      Code (inc. data)   RO Data    RW Data    ZI Data      Debug   Library Name

      7978        404        188         12        348       5384   c_t.l
      1164         16          0          0          0        772   fz_ts.l
        52          0          0          0          0         68   m_ts.l

    ----------------------------------------------------------------------
      9200        420        188         12        348       6224   Library Totals

    ----------------------------------------------------------------------

==============================================================================


      Code (inc. data)   RO Data    RW Data    ZI Data      Debug   

      9768        460        220      14612       1508       6849   Grand Totals
      9768        460        220      11488       1508       6849   ELF Image Totals (compressed)
      9768        460        220      11488          0          0   ROM Totals

==============================================================================

    Total RO  Size (Code + RO Data)                 9988 (   9.75kB)
    Total RW  Size (RW Data + ZI Data)             16120 (  15.74kB)
    Total ROM Size (Code + RO Data + RW Data)      21476 (  20.97kB)

==============================================================================

